Component: ARM Compiler 5.06 update 7 (build 960) Tool: armlink [4d3601]

==============================================================================

Section Cross References

    startup_stm32f103xe.o(STACK) refers (Special) to heapauxi.o(.text) for __use_two_region_memory
    startup_stm32f103xe.o(HEAP) refers (Special) to heapauxi.o(.text) for __use_two_region_memory
    startup_stm32f103xe.o(RESET) refers (Special) to heapauxi.o(.text) for __use_two_region_memory
    startup_stm32f103xe.o(RESET) refers to startup_stm32f103xe.o(STACK) for __initial_sp
    startup_stm32f103xe.o(RESET) refers to startup_stm32f103xe.o(.text) for Reset_Handler
    startup_stm32f103xe.o(RESET) refers to stm32f1xx_it.o(i.NMI_Handler) for NMI_Handler
    startup_stm32f103xe.o(RESET) refers to stm32f1xx_it.o(i.HardFault_Handler) for HardFault_Handler
    startup_stm32f103xe.o(RESET) refers to stm32f1xx_it.o(i.MemManage_Handler) for MemManage_Handler
    startup_stm32f103xe.o(RESET) refers to stm32f1xx_it.o(i.BusFault_Handler) for BusFault_Handler
    startup_stm32f103xe.o(RESET) refers to stm32f1xx_it.o(i.UsageFault_Handler) for UsageFault_Handler
    startup_stm32f103xe.o(RESET) refers to stm32f1xx_it.o(i.SVC_Handler) for SVC_Handler
    startup_stm32f103xe.o(RESET) refers to stm32f1xx_it.o(i.DebugMon_Handler) for DebugMon_Handler
    startup_stm32f103xe.o(RESET) refers to stm32f1xx_it.o(i.PendSV_Handler) for PendSV_Handler
    startup_stm32f103xe.o(RESET) refers to stm32f1xx_it.o(i.SysTick_Handler) for SysTick_Handler
    startup_stm32f103xe.o(RESET) refers to stm32f1xx_it.o(i.TIM6_IRQHandler) for TIM6_IRQHandler
    startup_stm32f103xe.o(.text) refers (Special) to heapauxi.o(.text) for __use_two_region_memory
    startup_stm32f103xe.o(.text) refers to system_stm32f1xx.o(i.SystemInit) for SystemInit
    startup_stm32f103xe.o(.text) refers to __main.o(!!!main) for __main
    startup_stm32f103xe.o(.text) refers to startup_stm32f103xe.o(HEAP) for Heap_Mem
    startup_stm32f103xe.o(.text) refers to startup_stm32f103xe.o(STACK) for Stack_Mem
    mpu6050.o(i.DMP_Init) refers to stm32f1xx_hal_i2c.o(i.HAL_I2C_Mem_Read) for HAL_I2C_Mem_Read
    mpu6050.o(i.DMP_Init) refers to inv_mpu.o(i.mpu_init) for mpu_init
    mpu6050.o(i.DMP_Init) refers to inv_mpu.o(i.mpu_set_sensors) for mpu_set_sensors
    mpu6050.o(i.DMP_Init) refers to inv_mpu.o(i.mpu_configure_fifo) for mpu_configure_fifo
    mpu6050.o(i.DMP_Init) refers to inv_mpu.o(i.mpu_set_sample_rate) for mpu_set_sample_rate
    mpu6050.o(i.DMP_Init) refers to inv_mpu_dmp_motion_driver.o(i.dmp_load_motion_driver_firmware) for dmp_load_motion_driver_firmware
    mpu6050.o(i.DMP_Init) refers to mpu6050.o(i.inv_row_2_scale) for inv_row_2_scale
    mpu6050.o(i.DMP_Init) refers to inv_mpu_dmp_motion_driver.o(i.dmp_set_orientation) for dmp_set_orientation
    mpu6050.o(i.DMP_Init) refers to inv_mpu_dmp_motion_driver.o(i.dmp_enable_feature) for dmp_enable_feature
    mpu6050.o(i.DMP_Init) refers to inv_mpu_dmp_motion_driver.o(i.dmp_set_fifo_rate) for dmp_set_fifo_rate
    mpu6050.o(i.DMP_Init) refers to mpu6050.o(i.run_self_test) for run_self_test
    mpu6050.o(i.DMP_Init) refers to inv_mpu.o(i.mpu_set_dmp_state) for mpu_set_dmp_state
    mpu6050.o(i.DMP_Init) refers to mpu6050.o(.data) for .data
    mpu6050.o(i.MPU6050_Init) refers to stm32f1xx_hal_i2c.o(i.HAL_I2C_Mem_Read) for HAL_I2C_Mem_Read
    mpu6050.o(i.MPU6050_Init) refers to stm32f1xx_hal_i2c.o(i.HAL_I2C_Mem_Write) for HAL_I2C_Mem_Write
    mpu6050.o(i.MPU6050_Init) refers to mpu6050.o(.data) for .data
    mpu6050.o(i.MPU6050_UPDATE) refers to mpu6050.o(i.Read_DMP) for Read_DMP
    mpu6050.o(i.MPU6050_UPDATE) refers to stm32f1xx_hal_i2c.o(i.HAL_I2C_Mem_Read) for HAL_I2C_Mem_Read
    mpu6050.o(i.MPU6050_UPDATE) refers to dflt_clz.o(x$fpl$dflt) for __aeabi_i2d
    mpu6050.o(i.MPU6050_UPDATE) refers to scalbn.o(x$fpl$scalbn) for __ARM_scalbn
    mpu6050.o(i.MPU6050_UPDATE) refers to ddiv.o(x$fpl$ddiv) for __aeabi_ddiv
    mpu6050.o(i.MPU6050_UPDATE) refers to f2d.o(x$fpl$f2d) for __aeabi_f2d
    mpu6050.o(i.MPU6050_UPDATE) refers to daddsub_clz.o(x$fpl$dadd) for __aeabi_dadd
    mpu6050.o(i.MPU6050_UPDATE) refers to d2f.o(x$fpl$d2f) for __aeabi_d2f
    mpu6050.o(i.MPU6050_UPDATE) refers to faddsub_clz.o(x$fpl$fadd) for __aeabi_fadd
    mpu6050.o(i.MPU6050_UPDATE) refers to mpu6050.o(.data) for .data
    mpu6050.o(i.MPU6050_newValues) refers to mpu6050.o(.bss) for .bss
    mpu6050.o(i.Read_DMP) refers to inv_mpu_dmp_motion_driver.o(i.dmp_read_fifo) for dmp_read_fifo
    mpu6050.o(i.Read_DMP) refers to fflt_clz.o(x$fpl$fflt) for __aeabi_i2f
    mpu6050.o(i.Read_DMP) refers to scalbnf.o(x$fpl$scalbnf) for __ARM_scalbnf
    mpu6050.o(i.Read_DMP) refers to fmul.o(x$fpl$fmul) for __aeabi_fmul
    mpu6050.o(i.Read_DMP) refers to faddsub_clz.o(x$fpl$fadd) for __aeabi_fadd
    mpu6050.o(i.Read_DMP) refers to f2d.o(x$fpl$f2d) for __aeabi_f2d
    mpu6050.o(i.Read_DMP) refers to asin.o(i.asin) for asin
[...]
    i.HAL_RCC_GetSysClockFreq                0x08000f90   Section        0  stm32f1xx_hal_rcc.o(i.HAL_RCC_GetSysClockFreq)
    i.HAL_RCC_OscConfig                      0x08000fdc   Section        0  stm32f1xx_hal_rcc.o(i.HAL_RCC_OscConfig)
    i.HAL_SYSTICK_Config                     0x080012fc   Section        0  stm32f1xx_hal_cortex.o(i.HAL_SYSTICK_Config)
    i.HAL_TIMEx_BreakCallback                0x08001324   Section        0  stm32f1xx_hal_tim_ex.o(i.HAL_TIMEx_BreakCallback)
    i.HAL_TIMEx_CommutCallback               0x08001326   Section        0  stm32f1xx_hal_tim_ex.o(i.HAL_TIMEx_CommutCallback)
    i.HAL_TIMEx_MasterConfigSynchronization  0x08001328   Section        0  stm32f1xx_hal_tim_ex.o(i.HAL_TIMEx_MasterConfigSynchronization)
    i.HAL_TIM_Base_Init                      0x080013a4   Section        0  stm32f1xx_hal_tim.o(i.HAL_TIM_Base_Init)
    i.HAL_TIM_Base_MspInit                   0x08001400   Section        0  tim.o(i.HAL_TIM_Base_MspInit)
    i.HAL_TIM_Base_Start_IT                  0x0800143c   Section        0  stm32f1xx_hal_tim.o(i.HAL_TIM_Base_Start_IT)
    i.HAL_TIM_IC_CaptureCallback             0x080014a8   Section        0  stm32f1xx_hal_tim.o(i.HAL_TIM_IC_CaptureCallback)
    i.HAL_TIM_IRQHandler                     0x080014aa   Section        0  stm32f1xx_hal_tim.o(i.HAL_TIM_IRQHandler)
    i.HAL_TIM_OC_DelayElapsedCallback        0x08001610   Section        0  stm32f1xx_hal_tim.o(i.HAL_TIM_OC_DelayElapsedCallback)
    i.HAL_TIM_PWM_PulseFinishedCallback      0x08001612   Section        0  stm32f1xx_hal_tim.o(i.HAL_TIM_PWM_PulseFinishedCallback)
    i.HAL_TIM_PeriodElapsedCallback          0x08001614   Section        0  main.o(i.HAL_TIM_PeriodElapsedCallback)
    i.HAL_TIM_TriggerCallback                0x08001650   Section        0  stm32f1xx_hal_tim.o(i.HAL_TIM_TriggerCallback)
    i.HardFault_Handler                      0x08001652   Section        0  stm32f1xx_it.o(i.HardFault_Handler)
    i.I2C_IsAcknowledgeFailed                0x08001654   Section        0  stm32f1xx_hal_i2c.o(i.I2C_IsAcknowledgeFailed)
    I2C_IsAcknowledgeFailed                  0x08001655   Thumb Code    46  stm32f1xx_hal_i2c.o(i.I2C_IsAcknowledgeFailed)
    i.I2C_RequestMemoryRead                  0x08001684   Section        0  stm32f1xx_hal_i2c.o(i.I2C_RequestMemoryRead)
    I2C_RequestMemoryRead                    0x08001685   Thumb Code   246  stm32f1xx_hal_i2c.o(i.I2C_RequestMemoryRead)
    i.I2C_RequestMemoryWrite                 0x08001780   Section        0  stm32f1xx_hal_i2c.o(i.I2C_RequestMemoryWrite)
    I2C_RequestMemoryWrite                   0x08001781   Thumb Code   162  stm32f1xx_hal_i2c.o(i.I2C_RequestMemoryWrite)
    i.I2C_WaitOnBTFFlagUntilTimeout          0x08001828   Section        0  stm32f1xx_hal_i2c.o(i.I2C_WaitOnBTFFlagUntilTimeout)
    I2C_WaitOnBTFFlagUntilTimeout            0x08001829   Thumb Code    86  stm32f1xx_hal_i2c.o(i.I2C_WaitOnBTFFlagUntilTimeout)
    i.I2C_WaitOnFlagUntilTimeout             0x08001880   Section        0  stm32f1xx_hal_i2c.o(i.I2C_WaitOnFlagUntilTimeout)
    I2C_WaitOnFlagUntilTimeout               0x08001881   Thumb Code   144  stm32f1xx_hal_i2c.o(i.I2C_WaitOnFlagUntilTimeout)
    i.I2C_WaitOnMasterAddressFlagUntilTimeout 0x08001910   Section        0  stm32f1xx_hal_i2c.o(i.I2C_WaitOnMasterAddressFlagUntilTimeout)
    I2C_WaitOnMasterAddressFlagUntilTimeout  0x08001911   Thumb Code   188  stm32f1xx_hal_i2c.o(i.I2C_WaitOnMasterAddressFlagUntilTimeout)
    i.I2C_WaitOnRXNEFlagUntilTimeout         0x080019cc   Section        0  stm32f1xx_hal_i2c.o(i.I2C_WaitOnRXNEFlagUntilTimeout)
    I2C_WaitOnRXNEFlagUntilTimeout           0x080019cd   Thumb Code   112  stm32f1xx_hal_i2c.o(i.I2C_WaitOnRXNEFlagUntilTimeout)
    i.I2C_WaitOnTXEFlagUntilTimeout          0x08001a3c   Section        0  stm32f1xx_hal_i2c.o(i.I2C_WaitOnTXEFlagUntilTimeout)
    I2C_WaitOnTXEFlagUntilTimeout            0x08001a3d   Thumb Code    86  stm32f1xx_hal_i2c.o(i.I2C_WaitOnTXEFlagUntilTimeout)
    i.MPU6050_Init                           0x08001a94   Section        0  mpu6050.o(i.MPU6050_Init)
    i.MPU6050_UPDATE                         0x08001b24   Section        0  mpu6050.o(i.MPU6050_UPDATE)
    i.MX_GPIO_Init                           0x08001be4   Section        0  gpio.o(i.MX_GPIO_Init)
    i.MX_I2C2_Init                           0x08001c20   Section        0  i2c.o(i.MX_I2C2_Init)
    i.MX_TIM6_Init                           0x08001c60   Section        0  tim.o(i.MX_TIM6_Init)
    i.MemManage_Handler                      0x08001ca4   Section        0  stm32f1xx_it.o(i.MemManage_Handler)
    i.NMI_Handler                            0x08001ca6   Section        0  stm32f1xx_it.o(i.NMI_Handler)
    i.PendSV_Handler                         0x08001ca8   Section        0  stm32f1xx_it.o(i.PendSV_Handler)
    i.Read_DMP                               0x08001cac   Section        0  mpu6050.o(i.Read_DMP)
    i.SVC_Handler                            0x08001e60   Section        0  stm32f1xx_it.o(i.SVC_Handler)
    i.SysTick_Handler                        0x08001e62   Section        0  stm32f1xx_it.o(i.SysTick_Handler)
    i.SystemClock_Config                     0x08001e66   Section        0  main.o(i.SystemClock_Config)
    i.SystemInit                             0x08001ec4   Section        0  system_stm32f1xx.o(i.SystemInit)
    i.TIM6_IRQHandler                        0x08001ec8   Section        0  stm32f1xx_it.o(i.TIM6_IRQHandler)
    i.TIM_Base_SetConfig                     0x08001ed4   Section        0  stm32f1xx_hal_tim.o(i.TIM_Base_SetConfig)
    i.UsageFault_Handler                     0x08001f60   Section        0  stm32f1xx_it.o(i.UsageFault_Handler)
    i.__ARM_fpclassify                       0x08001f62   Section        0  fpclassify.o(i.__ARM_fpclassify)
    i.__NVIC_SetPriority                     0x08001f8a   Section        0  stm32f1xx_hal_cortex.o(i.__NVIC_SetPriority)
    __NVIC_SetPriority                       0x08001f8b   Thumb Code    32  stm32f1xx_hal_cortex.o(i.__NVIC_SetPriority)
    i.__kernel_poly                          0x08001faa   Section        0  poly.o(i.__kernel_poly)
    i.__mathlib_dbl_infnan                   0x08002054   Section        0  dunder.o(i.__mathlib_dbl_infnan)
    i.__mathlib_dbl_infnan2                  0x0800205a   Section        0  dunder.o(i.__mathlib_dbl_infnan2)
    i.__mathlib_dbl_invalid                  0x0800205e   Section        0  dunder.o(i.__mathlib_dbl_invalid)
    i.__mathlib_dbl_underflow                0x0800206c   Section        0  dunder.o(i.__mathlib_dbl_underflow)
    i.accel_self_test                        0x0800207c   Section        0  inv_mpu.o(i.accel_self_test)
    accel_self_test                          0x0800207d   Thumb Code   114  inv_mpu.o(i.accel_self_test)
    i.asin                                   0x080020fc   Section        0  asin.o(i.asin)
    i.atan                                   0x0800236c   Section        0  atan.o(i.atan)
    i.atan2                                  0x0800258c   Section        0  atan2.o(i.atan2)
    i.dmp_enable_6x_lp_quat                  0x08002728   Section        0  inv_mpu_dmp_motion_driver.o(i.dmp_enable_6x_lp_quat)
    i.dmp_enable_feature                     0x08002764   Section        0  inv_mpu_dmp_motion_driver.o(i.dmp_enable_feature)
    i.dmp_enable_gyro_cal                    0x0800293c   Section        0  inv_mpu_dmp_motion_driver.o(i.dmp_enable_gyro_cal)
    i.dmp_enable_lp_quat                     0x08002978   Section        0  inv_mpu_dmp_motion_driver.o(i.dmp_enable_lp_quat)
    i.dmp_load_motion_driver_firmware        0x080029b4   Section        0  inv_mpu_dmp_motion_driver.o(i.dmp_load_motion_driver_firmware)
    i.dmp_read_fifo                          0x080029c8   Section        0  inv_mpu_dmp_motion_driver.o(i.dmp_read_fifo)
    i.dmp_set_accel_bias                     0x08002b2c   Section        0  inv_mpu_dmp_motion_driver.o(i.dmp_set_accel_bias)
    i.dmp_set_fifo_rate                      0x08002c04   Section        0  inv_mpu_dmp_motion_driver.o(i.dmp_set_fifo_rate)
    i.dmp_set_gyro_bias                      0x08002c68   Section        0  inv_mpu_dmp_motion_driver.o(i.dmp_set_gyro_bias)
    i.dmp_set_orientation                    0x08002d34   Section        0  inv_mpu_dmp_motion_driver.o(i.dmp_set_orientation)
    i.dmp_set_shake_reject_thresh            0x08002e40   Section        0  inv_mpu_dmp_motion_driver.o(i.dmp_set_shake_reject_thresh)
    i.dmp_set_shake_reject_time              0x08002e70   Section        0  inv_mpu_dmp_motion_driver.o(i.dmp_set_shake_reject_time)
    i.dmp_set_shake_reject_timeout           0x08002e90   Section        0  inv_mpu_dmp_motion_driver.o(i.dmp_set_shake_reject_timeout)
    i.dmp_set_tap_axes                       0x08002eb0   Section        0  inv_mpu_dmp_motion_driver.o(i.dmp_set_tap_axes)
    i.dmp_set_tap_count                      0x08002ef0   Section        0  inv_mpu_dmp_motion_driver.o(i.dmp_set_tap_count)
    i.dmp_set_tap_thresh                     0x08002f14   Section        0  inv_mpu_dmp_motion_driver.o(i.dmp_set_tap_thresh)
    i.dmp_set_tap_time                       0x0800303c   Section        0  inv_mpu_dmp_motion_driver.o(i.dmp_set_tap_time)
    i.dmp_set_tap_time_multi                 0x0800305c   Section        0  inv_mpu_dmp_motion_driver.o(i.dmp_set_tap_time_multi)
    i.get_accel_prod_shift                   0x0800307c   Section        0  inv_mpu.o(i.get_accel_prod_shift)
    get_accel_prod_shift                     0x0800307d   Thumb Code   158  inv_mpu.o(i.get_accel_prod_shift)
    i.get_st_biases                          0x08003128   Section        0  inv_mpu.o(i.get_st_biases)
    get_st_biases                            0x08003129   Thumb Code   784  inv_mpu.o(i.get_st_biases)
    i.gyro_self_test                         0x0800343c   Section        0  inv_mpu.o(i.gyro_self_test)
    gyro_self_test                           0x0800343d   Thumb Code   190  inv_mpu.o(i.gyro_self_test)
    i.i2cRead                                0x08003510   Section        0  mpu6050.o(i.i2cRead)
    i.i2cWrite                               0x08003534   Section        0  mpu6050.o(i.i2cWrite)
    i.inv_row_2_scale                        0x08003558   Section        0  mpu6050.o(i.inv_row_2_scale)
    inv_row_2_scale                          0x08003559   Thumb Code    72  mpu6050.o(i.inv_row_2_scale)
    i.main                                   0x080035a0   Section        0  main.o(i.main)
    i.mpu_configure_fifo                     0x080035d0   Section        0  inv_mpu.o(i.mpu_configure_fifo)
    i.mpu_get_accel_fsr                      0x08003624   Section        0  inv_mpu.o(i.mpu_get_accel_fsr)
    i.mpu_get_accel_sens                     0x08003660   Section        0  inv_mpu.o(i.mpu_get_accel_sens)
    i.mpu_get_gyro_fsr                       0x080036a4   Section        0  inv_mpu.o(i.mpu_get_gyro_fsr)
    i.mpu_get_gyro_sens                      0x080036d8   Section        0  inv_mpu.o(i.mpu_get_gyro_sens)
    i.mpu_get_lpf                            0x08003718   Section        0  inv_mpu.o(i.mpu_get_lpf)
    i.mpu_get_sample_rate                    0x08003750   Section        0  inv_mpu.o(i.mpu_get_sample_rate)
    i.mpu_init                               0x0800376c   Section        0  inv_mpu.o(i.mpu_init)
    i.mpu_load_firmware                      0x08003890   Section        0  inv_mpu.o(i.mpu_load_firmware)
    i.mpu_lp_accel_mode                      0x08003930   Section        0  inv_mpu.o(i.mpu_lp_accel_mode)
    i.mpu_read_fifo_stream                   0x080039e8   Section        0  inv_mpu.o(i.mpu_read_fifo_stream)
    i.mpu_read_mem                           0x08003a78   Section        0  inv_mpu.o(i.mpu_read_mem)
    i.mpu_reset_fifo                         0x08003acc   Section        0  inv_mpu.o(i.mpu_reset_fifo)
    i.mpu_run_self_test                      0x08003c1c   Section        0  inv_mpu.o(i.mpu_run_self_test)
    i.mpu_set_accel_fsr                      0x08003d0c   Section        0  inv_mpu.o(i.mpu_set_accel_fsr)
    i.mpu_set_bypass                         0x08003d74   Section        0  inv_mpu.o(i.mpu_set_bypass)
    i.mpu_set_dmp_state                      0x08003e50   Section        0  inv_mpu.o(i.mpu_set_dmp_state)
    i.mpu_set_gyro_fsr                       0x08003ec8   Section        0  inv_mpu.o(i.mpu_set_gyro_fsr)
    i.mpu_set_int_latched                    0x08003f34   Section        0  inv_mpu.o(i.mpu_set_int_latched)
    i.mpu_set_lpf                            0x08003f98   Section        0  inv_mpu.o(i.mpu_set_lpf)
    i.mpu_set_sample_rate                    0x08004004   Section        0  inv_mpu.o(i.mpu_set_sample_rate)
    i.mpu_set_sensors                        0x08004084   Section        0  inv_mpu.o(i.mpu_set_sensors)
    i.mpu_write_mem                          0x0800413c   Section        0  inv_mpu.o(i.mpu_write_mem)
    i.myget_ms                               0x08004190   Section        0  inv_mpu.o(i.myget_ms)
    i.run_self_test                          0x08004192   Section        0  mpu6050.o(i.run_self_test)
    run_self_test                            0x08004193   Thumb Code   122  mpu6050.o(i.run_self_test)
    i.set_int_enable                         0x0800420c   Section        0  inv_mpu.o(i.set_int_enable)
    set_int_enable                           0x0800420d   Thumb Code    84  inv_mpu.o(i.set_int_enable)
    i.sqrt                                   0x08004264   Section        0  sqrt.o(i.sqrt)
    x$fpl$d2f                                0x080042b0   Section       98  d2f.o(x$fpl$d2f)
    x$fpl$dadd                               0x08004314   Section      336  daddsub_clz.o(x$fpl$dadd)
    _dadd1                                   0x08004325   Thumb Code     0  daddsub_clz.o(x$fpl$dadd)
    x$fpl$dcheck1                            0x08004464   Section       16  dcheck1.o(x$fpl$dcheck1)
    x$fpl$dcmpinf                            0x08004474   Section       24  dcmpi.o(x$fpl$dcmpinf)
    x$fpl$ddiv                               0x0800448c   Section      688  ddiv.o(x$fpl$ddiv)
    ddiv_entry                               0x08004493   Thumb Code     0  ddiv.o(x$fpl$ddiv)
    x$fpl$deqf                               0x0800473c   Section      120  deqf.o(x$fpl$deqf)
    x$fpl$dflt                               0x080047b4   Section       46  dflt_clz.o(x$fpl$dflt)
    x$fpl$dmul                               0x080047e4   Section      340  dmul.o(x$fpl$dmul)
    x$fpl$dnaninf                            0x08004938   Section      156  dnaninf.o(x$fpl$dnaninf)
    x$fpl$dretinf                            0x080049d4   Section       12  dretinf.o(x$fpl$dretinf)
    x$fpl$drsb                               0x080049e0   Section       22  daddsub_clz.o(x$fpl$drsb)
    x$fpl$dsqrt                              0x080049f8   Section      460  dsqrt_noumaal.o(x$fpl$dsqrt)
    x$fpl$dsub                               0x08004bc4   Section      468  daddsub_clz.o(x$fpl$dsub)
    _dsub1                                   0x08004bd5   Thumb Code     0  daddsub_clz.o(x$fpl$dsub)
    x$fpl$f2d                                0x08004d98   Section       86  f2d.o(x$fpl$f2d)
    x$fpl$fadd                               0x08004df0   Section      196  faddsub_clz.o(x$fpl$fadd)
    _fadd1                                   0x08004dff   Thumb Code     0  faddsub_clz.o(x$fpl$fadd)
    x$fpl$fcheck1                            0x08004eb4   Section       12  fcheck1.o(x$fpl$fcheck1)
    x$fpl$fdiv                               0x08004ec0   Section      388  fdiv.o(x$fpl$fdiv)
    _fdiv1                                   0x08004ec1   Thumb Code     0  fdiv.o(x$fpl$fdiv)
    x$fpl$ffix                               0x08005044   Section       54  ffix.o(x$fpl$ffix)
    x$fpl$ffixu                              0x0800507c   Section       62  ffixu.o(x$fpl$ffixu)
    x$fpl$fflt                               0x080050bc   Section       48  fflt_clz.o(x$fpl$fflt)
    x$fpl$ffltu                              0x080050ec   Section       38  fflt_clz.o(x$fpl$ffltu)
    x$fpl$fmul                               0x08005114   Section      258  fmul.o(x$fpl$fmul)
    x$fpl$fnaninf                            0x08005216   Section      140  fnaninf.o(x$fpl$fnaninf)
    x$fpl$fretinf                            0x080052a2   Section       10  fretinf.o(x$fpl$fretinf)
    x$fpl$fsub                               0x080052ac   Section      234  faddsub_clz.o(x$fpl$fsub)
    _fsub1                                   0x080052bb   Thumb Code     0  faddsub_clz.o(x$fpl$fsub)
    x$fpl$retnan                             0x08005396   Section      100  retnan.o(x$fpl$retnan)
    x$fpl$scalbn                             0x080053fa   Section       92  scalbn.o(x$fpl$scalbn)
    x$fpl$scalbnf                            0x08005456   Section       76  scalbnf.o(x$fpl$scalbnf)
    x$fpl$trapveneer                         0x080054a2   Section       48  trapv.o(x$fpl$trapveneer)
    .constdata                               0x080054d2   Section       12  inv_mpu.o(.constdata)
    x$fpl$usenofp                            0x080054d2   Section        0  usenofp.o(x$fpl$usenofp)
    .constdata                               0x080054de   Section       27  inv_mpu.o(.constdata)
    .constdata                               0x080054fc   Section       40  inv_mpu.o(.constdata)
    .constdata                               0x08005524   Section     3062  inv_mpu_dmp_motion_driver.o(.constdata)
    dmp_memory                               0x08005524   Data        3062  inv_mpu_dmp_motion_driver.o(.constdata)
    .constdata                               0x0800611a   Section       18  stm32f1xx_hal_rcc.o(.constdata)
    aPredivFactorTable                       0x0800611a   Data           2  stm32f1xx_hal_rcc.o(.constdata)
    aPLLMULFactorTable                       0x0800611c   Data          16  stm32f1xx_hal_rcc.o(.constdata)
    .constdata                               0x0800612c   Section       16  system_stm32f1xx.o(.constdata)
    .constdata                               0x0800613c   Section        8  system_stm32f1xx.o(.constdata)
    .constdata                               0x08006148   Section       80  asin.o(.constdata)
    pS                                       0x08006148   Data          48  asin.o(.constdata)
    qS                                       0x08006178   Data          32  asin.o(.constdata)
    .constdata                               0x08006198   Section      152  atan.o(.constdata)
    atanhi                                   0x08006198   Data          32  atan.o(.constdata)
    atanlo                                   0x080061b8   Data          32  atan.o(.constdata)
    aTodd                                    0x080061d8   Data          40  atan.o(.constdata)
    aTeven                                   0x08006200   Data          48  atan.o(.constdata)
    .constdata                               0x08006230   Section        8  qnan.o(.constdata)
    .data                                    0x20000000   Section       53  mpu6050.o(.data)
    gyro_orientation                         0x2000002c   Data           9  mpu6050.o(.data)
    .data                                    0x20000038   Section       44  inv_mpu.o(.data)
    st                                       0x20000038   Data          44  inv_mpu.o(.data)
    .data                                    0x20000064   Section       12  stm32f1xx_hal.o(.data)
    .data                                    0x20000070   Section        4  system_stm32f1xx.o(.data)
    .bss                                     0x20000074   Section       16  inv_mpu_dmp_motion_driver.o(.bss)
    dmp                                      0x20000074   Data          16  inv_mpu_dmp_motion_driver.o(.bss)
    .bss                                     0x20000088   Section       88  main.o(.bss)
    .bss                                     0x200000e0   Section       84  i2c.o(.bss)
    .bss                                     0x20000134   Section       72  tim.o(.bss)
    .bss                                     0x2000017c   Section       96  libspace.o(.bss)
    HEAP                                     0x200001e0   Section      512  startup_stm32f103xe.o(HEAP)
    Heap_Mem                                 0x200001e0   Data         512  startup_stm32f103xe.o(HEAP)
    STACK                                    0x200003e0   Section     1024  startup_stm32f103xe.o(STACK)
    Stack_Mem                                0x200003e0   Data        1024  startup_stm32f103xe.o(STACK)
    __initial_sp                             0x200007e0   Data           0  startup_stm32f103xe.o(STACK)

    Global Symbols

    Symbol Name                              Value     Ov Type        Size  Object(Section)

    BuildAttributes$$THM_ISAv4$P$D$K$B$S$PE$A:L22UL41UL21$X:L11$S22US41US21$IEEE1$IW$USESV6$~STKCKD$USESV7$~SHL$OTIME$ROPI$IEEEX$EBA8$UX$STANDARDLIB$REQ8$PRES8$EABIv2 0x00000000   Number         0  anon$$obj.o ABSOLUTE
    __ARM_use_no_argv                        0x00000000   Number         0  main.o ABSOLUTE
    __ARM_exceptions_init                     - Undefined Weak Reference
    __alloca_initialize                       - Undefined Weak Reference
    __arm_fini_                               - Undefined Weak Reference
    __arm_preinit_                            - Undefined Weak Reference
    __cpp_initialize__aeabi_                  - Undefined Weak Reference
    __cxa_finalize                            - Undefined Weak Reference
    __rt_locale                               - Undefined Weak Reference
    __sigvec_lookup                           - Undefined Weak Reference
    _atexit_init                              - Undefined Weak Reference
    _call_atexit_fns                          - Undefined Weak Reference
    _clock_init                               - Undefined Weak Reference
    _fp_trap_init                             - Undefined Weak Reference
    _fp_trap_shutdown                         - Undefined Weak Reference
    _get_lc_collate                           - Undefined Weak Reference
    _get_lc_ctype                             - Undefined Weak Reference
    _get_lc_monetary                          - Undefined Weak Reference
    _get_lc_numeric                           - Undefined Weak Reference
    _get_lc_time                              - Undefined Weak Reference
    _getenv_init                              - Undefined Weak Reference
    _handle_redirection                       - Undefined Weak Reference
    _init_alloc                               - Undefined Weak Reference
    _init_user_alloc                          - Undefined Weak Reference
    _initio                                   - Undefined Weak Reference
    _rand_init                                - Undefined Weak Reference
    _signal_finish                            - Undefined Weak Reference
    _signal_init                              - Undefined Weak Reference
    _terminate_alloc                          - Undefined Weak Reference
    _terminate_user_alloc                     - Undefined Weak Reference
    _terminateio                              - Undefined Weak Reference
    __Vectors_Size                           0x00000130   Number         0  startup_stm32f103xe.o ABSOLUTE
    __Vectors                                0x08000000   Data           4  startup_stm32f103xe.o(RESET)
    __Vectors_End                            0x08000130   Data           0  startup_stm32f103xe.o(RESET)
    __main                                   0x08000131   Thumb Code     8  __main.o(!!!main)
    __scatterload                            0x08000139   Thumb Code     0  __scatter.o(!!!scatter)
    __scatterload_rt2                        0x08000139   Thumb Code    44  __scatter.o(!!!scatter)
    __scatterload_rt2_thumb_only             0x08000139   Thumb Code     0  __scatter.o(!!!scatter)
    __scatterload_null                       0x08000147   Thumb Code     0  __scatter.o(!!!scatter)
    __scatterload_copy                       0x0800016d   Thumb Code    26  __scatter_copy.o(!!handler_copy)
    __scatterload_zeroinit                   0x08000189   Thumb Code    28  __scatter_zi.o(!!handler_zi)
    __rt_lib_init                            0x080001a5   Thumb Code     0  libinit.o(.ARM.Collect$$libinit$$00000000)
    __rt_lib_init_alloca_1                   0x080001a7   Thumb Code     0  libinit2.o(.ARM.Collect$$libinit$$0000002E)
    __rt_lib_init_argv_1                     0x080001a7   Thumb Code     0  libinit2.o(.ARM.Collect$$libinit$$0000002C)
    __rt_lib_init_atexit_1                   0x080001a7   Thumb Code     0  libinit2.o(.ARM.Collect$$libinit$$0000001B)
    __rt_lib_init_clock_1                    0x080001a7   Thumb Code     0  libinit2.o(.ARM.Collect$$libinit$$00000021)
    __rt_lib_init_cpp_1                      0x080001a7   Thumb Code     0  libinit2.o(.ARM.Collect$$libinit$$00000032)
    __rt_lib_init_exceptions_1               0x080001a7   Thumb Code     0  libinit2.o(.ARM.Collect$$libinit$$00000030)
    __rt_lib_init_fp_1                       0x080001a7   Thumb Code     0  libinit2.o(.ARM.Collect$$libinit$$00000002)
    __rt_lib_init_fp_trap_1                  0x080001a7   Thumb Code     0  libinit2.o(.ARM.Collect$$libinit$$0000001F)
    __rt_lib_init_getenv_1                   0x080001a7   Thumb Code     0  libinit2.o(.ARM.Collect$$libinit$$00000023)
    __rt_lib_init_heap_1                     0x080001a7   Thumb Code     0  libinit2.o(.ARM.Collect$$libinit$$0000000A)
    __rt_lib_init_lc_collate_1               0x080001a7   Thumb Code     0  libinit2.o(.ARM.Collect$$libinit$$00000011)
    __rt_lib_init_lc_ctype_1                 0x080001a7   Thumb Code     0  libinit2.o(.ARM.Collect$$libinit$$00000013)
    __rt_lib_init_lc_monetary_1              0x080001a7   Thumb Code     0  libinit2.o(.ARM.Collect$$libinit$$00000015)
    __rt_lib_init_lc_numeric_1               0x080001a7   Thumb Code     0  libinit2.o(.ARM.Collect$$libinit$$00000017)
    __rt_lib_init_lc_time_1                  0x080001a7   Thumb Code     0  libinit2.o(.ARM.Collect$$libinit$$00000019)
    __rt_lib_init_preinit_1                  0x080001a7   Thumb Code     0  libinit2.o(.ARM.Collect$$libinit$$00000004)
    __rt_lib_init_rand_1                     0x080001a7   Thumb Code     0  libinit2.o(.ARM.Collect$$libinit$$0000000E)
    __rt_lib_init_return                     0x080001a7   Thumb Code     0  libinit2.o(.ARM.Collect$$libinit$$00000033)
    __rt_lib_init_signal_1                   0x080001a7   Thumb Code     0  libinit2.o(.ARM.Collect$$libinit$$0000001D)
    __rt_lib_init_stdio_1                    0x080001a7   Thumb Code     0  libinit2.o(.ARM.Collect$$libinit$$00000025)
    __rt_lib_init_user_alloc_1               0x080001a7   Thumb Code     0  libinit2.o(.ARM.Collect$$libinit$$0000000C)
    __rt_lib_shutdown                        0x080001a9   Thumb Code     0  libshutdown.o(.ARM.Collect$$libshutdown$$00000000)
    __rt_lib_shutdown_cpp_1                  0x080001ab   Thumb Code     0  libshutdown2.o(.ARM.Collect$$libshutdown$$00000004)
    __rt_lib_shutdown_fini_1                 0x080001ab   Thumb Code     0  libshutdown2.o(.ARM.Collect$$libshutdown$$00000002)
    __rt_lib_shutdown_fp_trap_1              0x080001ab   Thumb Code     0  libshutdown2.o(.ARM.Collect$$libshutdown$$00000009)
    __rt_lib_shutdown_heap_1                 0x080001ab   Thumb Code     0  libshutdown2.o(.ARM.Collect$$libshutdown$$00000011)
    __rt_lib_shutdown_return                 0x080001ab   Thumb Code     0  libshutdown2.o(.ARM.Collect$$libshutdown$$00000012)
    __rt_lib_shutdown_signal_1               0x080001ab   Thumb Code     0  libshutdown2.o(.ARM.Collect$$libshutdown$$0000000C)
    __rt_lib_shutdown_stdio_1                0x080001ab   Thumb Code     0  libshutdown2.o(.ARM.Collect$$libshutdown$$00000006)
    __rt_lib_shutdown_user_alloc_1           0x080001ab   Thumb Code     0  libshutdown2.o(.ARM.Collect$$libshutdown$$0000000E)
    __rt_entry                               0x080001ad   Thumb Code     0  __rtentry.o(.ARM.Collect$$rtentry$$00000000)
    __rt_entry_presh_1                       0x080001ad   Thumb Code     0  __rtentry2.o(.ARM.Collect$$rtentry$$00000002)
    __rt_entry_sh                            0x080001ad   Thumb Code     0  __rtentry4.o(.ARM.Collect$$rtentry$$00000004)
    __rt_entry_li                            0x080001b3   Thumb Code     0  __rtentry2.o(.ARM.Collect$$rtentry$$0000000A)
    __rt_entry_postsh_1                      0x080001b3   Thumb Code     0  __rtentry2.o(.ARM.Collect$$rtentry$$00000009)
    __rt_entry_main                          0x080001b7   Thumb Code     0  __rtentry2.o(.ARM.Collect$$rtentry$$0000000D)
    __rt_entry_postli_1                      0x080001b7   Thumb Code     0  __rtentry2.o(.ARM.Collect$$rtentry$$0000000C)
    __rt_exit                                0x080001bf   Thumb Code     0  rtexit.o(.ARM.Collect$$rtexit$$00000000)
    __rt_exit_ls                             0x080001c1   Thumb Code     0  rtexit2.o(.ARM.Collect$$rtexit$$00000003)
    __rt_exit_prels_1                        0x080001c1   Thumb Code     0  rtexit2.o(.ARM.Collect$$rtexit$$00000002)
    __rt_exit_exit                           0x080001c5   Thumb Code     0  rtexit2.o(.ARM.Collect$$rtexit$$00000004)
    Reset_Handler                            0x080001cd   Thumb Code     8  startup_stm32f103xe.o(.text)
    ADC1_2_IRQHandler                        0x080001e7   Thumb Code     0  startup_stm32f103xe.o(.text)
    ADC3_IRQHandler                          0x080001e7   Thumb Code     0  startup_stm32f103xe.o(.text)
    CAN1_RX1_IRQHandler                      0x080001e7   Thumb Code     0  startup_stm32f103xe.o(.text)
    CAN1_SCE_IRQHandler                      0x080001e7   Thumb Code     0  startup_stm32f103xe.o(.text)
    DMA1_Channel1_IRQHandler                 0x080001e7   Thumb Code     0  startup_stm32f103xe.o(.text)
    DMA1_Channel2_IRQHandler                 0x080001e7   Thumb Code     0  startup_stm32f103xe.o(.text)
    DMA1_Channel3_IRQHandler                 0x080001e7   Thumb Code     0  startup_stm32f103xe.o(.text)
    DMA1_Channel4_IRQHandler                 0x080001e7   Thumb Code     0  startup_stm32f103xe.o(.text)
    DMA1_Channel5_IRQHandler                 0x080001e7   Thumb Code     0  startup_stm32f103xe.o(.text)
    DMA1_Channel6_IRQHandler                 0x080001e7   Thumb Code     0  startup_stm32f103xe.o(.text)
    DMA1_Channel7_IRQHandler                 0x080001e7   Thumb Code     0  startup_stm32f103xe.o(.text)
    DMA2_Channel1_IRQHandler                 0x080001e7   Thumb Code     0  startup_stm32f103xe.o(.text)
    DMA2_Channel2_IRQHandler                 0x080001e7   Thumb Code     0  startup_stm32f103xe.o(.text)
    DMA2_Channel3_IRQHandler                 0x080001e7   Thumb Code     0  startup_stm32f103xe.o(.text)
    DMA2_Channel4_5_IRQHandler               0x080001e7   Thumb Code     0  startup_stm32f103xe.o(.text)
    EXTI0_IRQHandler                         0x080001e7   Thumb Code     0  startup_stm32f103xe.o(.text)
    EXTI15_10_IRQHandler                     0x080001e7   Thumb Code     0  startup_stm32f103xe.o(.text)
    EXTI1_IRQHandler                         0x080001e7   Thumb Code     0  startup_stm32f103xe.o(.text)
    EXTI2_IRQHandler                         0x080001e7   Thumb Code     0  startup_stm32f103xe.o(.text)
    EXTI3_IRQHandler                         0x080001e7   Thumb Code     0  startup_stm32f103xe.o(.text)
    EXTI4_IRQHandler                         0x080001e7   Thumb Code     0  startup_stm32f103xe.o(.text)
    EXTI9_5_IRQHandler                       0x080001e7   Thumb Code     0  startup_stm32f103xe.o(.text)
    FLASH_IRQHandler                         0x080001e7   Thumb Code     0  startup_stm32f103xe.o(.text)
    FSMC_IRQHandler                          0x080001e7   Thumb Code     0  startup_stm32f103xe.o(.text)
    I2C1_ER_IRQHandler                       0x080001e7   Thumb Code     0  startup_stm32f103xe.o(.text)
    I2C1_EV_IRQHandler                       0x080001e7   Thumb Code     0  startup_stm32f103xe.o(.text)
    I2C2_ER_IRQHandler                       0x080001e7   Thumb Code     0  startup_stm32f103xe.o(.text)
    I2C2_EV_IRQHandler                       0x080001e7   Thumb Code     0  startup_stm32f103xe.o(.text)
    PVD_IRQHandler                           0x080001e7   Thumb Code     0  startup_stm32f103xe.o(.text)
    RCC_IRQHandler                           0x080001e7   Thumb Code     0  startup_stm32f103xe.o(.text)
    RTC_Alarm_IRQHandler                     0x080001e7   Thumb Code     0  startup_stm32f103xe.o(.text)
    RTC_IRQHandler                           0x080001e7   Thumb Code     0  startup_stm32f103xe.o(.text)
    SDIO_IRQHandler                          0x080001e7   Thumb Code     0  startup_stm32f103xe.o(.text)
    SPI1_IRQHandler                          0x080001e7   Thumb Code     0  startup_stm32f103xe.o(.text)
    SPI2_IRQHandler                          0x080001e7   Thumb Code     0  startup_stm32f103xe.o(.text)
    SPI3_IRQHandler                          0x080001e7   Thumb Code     0  startup_stm32f103xe.o(.text)
    TAMPER_IRQHandler                        0x080001e7   Thumb Code     0  startup_stm32f103xe.o(.text)
    TIM1_BRK_IRQHandler                      0x080001e7   Thumb Code     0  startup_stm32f103xe.o(.text)
    TIM1_CC_IRQHandler                       0x080001e7   Thumb Code     0  startup_stm32f103xe.o(.text)
    TIM1_TRG_COM_IRQHandler                  0x080001e7   Thumb Code     0  startup_stm32f103xe.o(.text)
    TIM1_UP_IRQHandler                       0x080001e7   Thumb Code     0  startup_stm32f103xe.o(.text)
    TIM2_IRQHandler                          0x080001e7   Thumb Code     0  startup_stm32f103xe.o(.text)
    TIM3_IRQHandler                          0x080001e7   Thumb Code     0  startup_stm32f103xe.o(.text)
    TIM4_IRQHandler                          0x080001e7   Thumb Code     0  startup_stm32f103xe.o(.text)
    TIM5_IRQHandler                          0x080001e7   Thumb Code     0  startup_stm32f103xe.o(.text)
    TIM7_IRQHandler                          0x080001e7   Thumb Code     0  startup_stm32f103xe.o(.text)
    TIM8_BRK_IRQHandler                      0x080001e7   Thumb Code     0  startup_stm32f103xe.o(.text)
    TIM8_CC_IRQHandler                       0x080001e7   Thumb Code     0  startup_stm32f103xe.o(.text)
    TIM8_TRG_COM_IRQHandler                  0x080001e7   Thumb Code     0  startup_stm32f103xe.o(.text)
    TIM8_UP_IRQHandler                       0x080001e7   Thumb Code     0  startup_stm32f103xe.o(.text)
    UART4_IRQHandler                         0x080001e7   Thumb Code     0  startup_stm32f103xe.o(.text)
    UART5_IRQHandler                         0x080001e7   Thumb Code     0  startup_stm32f103xe.o(.text)
    USART1_IRQHandler                        0x080001e7   Thumb Code     0  startup_stm32f103xe.o(.text)
    USART2_IRQHandler                        0x080001e7   Thumb Code     0  startup_stm32f103xe.o(.text)
    USART3_IRQHandler                        0x080001e7   Thumb Code     0  startup_stm32f103xe.o(.text)
    USBWakeUp_IRQHandler                     0x080001e7   Thumb Code     0  startup_stm32f103xe.o(.text)
    USB_HP_CAN1_TX_IRQHandler                0x080001e7   Thumb Code     0  startup_stm32f103xe.o(.text)
    USB_LP_CAN1_RX0_IRQHandler               0x080001e7   Thumb Code     0  startup_stm32f103xe.o(.text)
    WWDG_IRQHandler                          0x080001e7   Thumb Code     0  startup_stm32f103xe.o(.text)
    __user_initial_stackheap                 0x080001e9   Thumb Code     0  startup_stm32f103xe.o(.text)
    __aeabi_ldivmod                          0x0800020d   Thumb Code     0  llsdiv.o(.text)
    _ll_sdiv                                 0x0800020d   Thumb Code    72  llsdiv.o(.text)
    memcmp                                   0x08000255   Thumb Code    88  memcmp.o(.text)
    __aeabi_memset                           0x080002ad   Thumb Code    16  aeabi_memset.o(.text)
    __aeabi_memclr4                          0x080002bd   Thumb Code     0  rt_memclr_w.o(.text)
    __aeabi_memclr8                          0x080002bd   Thumb Code     0  rt_memclr_w.o(.text)
    __rt_memclr_w                            0x080002bd   Thumb Code    78  rt_memclr_w.o(.text)
    _memset_w                                0x080002c1   Thumb Code     0  rt_memclr_w.o(.text)
    __use_two_region_memory                  0x0800030b   Thumb Code     2  heapauxi.o(.text)
    __rt_heap_escrow$2region                 0x0800030d   Thumb Code     2  heapauxi.o(.text)
    __rt_heap_expand$2region                 0x0800030f   Thumb Code     2  heapauxi.o(.text)
    __aeabi_uldivmod                         0x08000311   Thumb Code     0  lludivv7m.o(.text)
    _ll_udiv                                 0x08000311   Thumb Code   238  lludivv7m.o(.text)
    __read_errno                             0x080003ff   Thumb Code    10  _rserrno.o(.text)
    __set_errno                              0x08000409   Thumb Code    12  _rserrno.o(.text)
    __aeabi_memclr                           0x08000415   Thumb Code     0  rt_memclr.o(.text)
    __rt_memclr                              0x08000415   Thumb Code    68  rt_memclr.o(.text)
    _memset                                  0x08000419   Thumb Code     0  rt_memclr.o(.text)
    __aeabi_errno_addr                       0x08000459   Thumb Code     8  rt_errno_addr_intlibspace.o(.text)
    __errno$intlibspace                      0x08000459   Thumb Code     0  rt_errno_addr_intlibspace.o(.text)
    __rt_errno_addr$intlibspace              0x08000459   Thumb Code     0  rt_errno_addr_intlibspace.o(.text)
    __user_libspace                          0x08000461   Thumb Code     8  libspace.o(.text)
    __user_perproc_libspace                  0x08000461   Thumb Code     0  libspace.o(.text)
    __user_perthread_libspace                0x08000461   Thumb Code     0  libspace.o(.text)
    __user_setup_stackheap                   0x08000469   Thumb Code    74  sys_stackheap_outer.o(.text)
    exit                                     0x080004b3   Thumb Code    18  exit.o(.text)
    _sys_exit                                0x080004c5   Thumb Code     8  sys_exit.o(.text)
    __I$use$semihosting                      0x080004d1   Thumb Code     0  use_no_semi.o(.text)
    __use_no_semihosting_swi                 0x080004d1   Thumb Code     2  use_no_semi.o(.text)
    BusFault_Handler                         0x080004d3   Thumb Code     2  stm32f1xx_it.o(i.BusFault_Handler)
    __semihosting_library_function           0x080004d3   Thumb Code     0  indicate_semi.o(.text)
    DMP_Init                                 0x080004d5   Thumb Code   154  mpu6050.o(i.DMP_Init)
    DebugMon_Handler                         0x0800057d   Thumb Code     2  stm32f1xx_it.o(i.DebugMon_Handler)
    Error_Handler                            0x0800057f   Thumb Code     4  main.o(i.Error_Handler)
    HAL_Delay                                0x08000585   Thumb Code    32  stm32f1xx_hal.o(i.HAL_Delay)
    HAL_GPIO_Init                            0x080005a9   Thumb Code   462  stm32f1xx_hal_gpio.o(i.HAL_GPIO_Init)
    HAL_GetTick                              0x080007a1   Thumb Code     6  stm32f1xx_hal.o(i.HAL_GetTick)
    HAL_I2C_Init                             0x080007ad   Thumb Code   376  stm32f1xx_hal_i2c.o(i.HAL_I2C_Init)
    HAL_I2C_Mem_Read                         0x08000935   Thumb Code   574  stm32f1xx_hal_i2c.o(i.HAL_I2C_Mem_Read)
    HAL_I2C_Mem_Write                        0x08000b85   Thumb Code   294  stm32f1xx_hal_i2c.o(i.HAL_I2C_Mem_Write)
    HAL_I2C_MspInit                          0x08000cb5   Thumb Code    82  i2c.o(i.HAL_I2C_MspInit)
    HAL_IncTick                              0x08000d15   Thumb Code    12  stm32f1xx_hal.o(i.HAL_IncTick)
    HAL_Init                                 0x08000d25   Thumb Code    32  stm32f1xx_hal.o(i.HAL_Init)
    HAL_InitTick                             0x08000d49   Thumb Code    54  stm32f1xx_hal.o(i.HAL_InitTick)
    HAL_MspInit                              0x08000d89   Thumb Code    52  stm32f1xx_hal_msp.o(i.HAL_MspInit)
    HAL_NVIC_EnableIRQ                       0x08000dc5   Thumb Code    26  stm32f1xx_hal_cortex.o(i.HAL_NVIC_EnableIRQ)
    HAL_NVIC_SetPriority                     0x08000de1   Thumb Code    60  stm32f1xx_hal_cortex.o(i.HAL_NVIC_SetPriority)
    HAL_NVIC_SetPriorityGrouping             0x08000e21   Thumb Code    26  stm32f1xx_hal_cortex.o(i.HAL_NVIC_SetPriorityGrouping)
    HAL_RCC_ClockConfig                      0x08000e45   Thumb Code   280  stm32f1xx_hal_rcc.o(i.HAL_RCC_ClockConfig)
    HAL_RCC_GetPCLK1Freq                     0x08000f71   Thumb Code    20  stm32f1xx_hal_rcc.o(i.HAL_RCC_GetPCLK1Freq)
    HAL_RCC_GetSysClockFreq                  0x08000f91   Thumb Code    58  stm32f1xx_hal_rcc.o(i.HAL_RCC_GetSysClockFreq)
    HAL_RCC_OscConfig                        0x08000fdd   Thumb Code   778  stm32f1xx_hal_rcc.o(i.HAL_RCC_OscConfig)
    HAL_SYSTICK_Config                       0x080012fd   Thumb Code    40  stm32f1xx_hal_cortex.o(i.HAL_SYSTICK_Config)
    HAL_TIMEx_BreakCallback                  0x08001325   Thumb Code     2  stm32f1xx_hal_tim_ex.o(i.HAL_TIMEx_BreakCallback)
    HAL_TIMEx_CommutCallback                 0x08001327   Thumb Code     2  stm32f1xx_hal_tim_ex.o(i.HAL_TIMEx_CommutCallback)
    HAL_TIMEx_MasterConfigSynchronization    0x08001329   Thumb Code   104  stm32f1xx_hal_tim_ex.o(i.HAL_TIMEx_MasterConfigSynchronization)
    HAL_TIM_Base_Init                        0x080013a5   Thumb Code    90  stm32f1xx_hal_tim.o(i.HAL_TIM_Base_Init)
    HAL_TIM_Base_MspInit                     0x08001401   Thumb Code    50  tim.o(i.HAL_TIM_Base_MspInit)
    HAL_TIM_Base_Start_IT                    0x0800143d   Thumb Code    88  stm32f1xx_hal_tim.o(i.HAL_TIM_Base_Start_IT)
    HAL_TIM_IC_CaptureCallback               0x080014a9   Thumb Code     2  stm32f1xx_hal_tim.o(i.HAL_TIM_IC_CaptureCallback)
    HAL_TIM_IRQHandler                       0x080014ab   Thumb Code   358  stm32f1xx_hal_tim.o(i.HAL_TIM_IRQHandler)
    HAL_TIM_OC_DelayElapsedCallback          0x08001611   Thumb Code     2  stm32f1xx_hal_tim.o(i.HAL_TIM_OC_DelayElapsedCallback)
    HAL_TIM_PWM_PulseFinishedCallback        0x08001613   Thumb Code     2  stm32f1xx_hal_tim.o(i.HAL_TIM_PWM_PulseFinishedCallback)
    HAL_TIM_PeriodElapsedCallback            0x08001615   Thumb Code    40  main.o(i.HAL_TIM_PeriodElapsedCallback)
    HAL_TIM_TriggerCallback                  0x08001651   Thumb Code     2  stm32f1xx_hal_tim.o(i.HAL_TIM_TriggerCallback)
    HardFault_Handler                        0x08001653   Thumb Code     2  stm32f1xx_it.o(i.HardFault_Handler)
    MPU6050_Init                             0x08001a95   Thumb Code   138  mpu6050.o(i.MPU6050_Init)
    MPU6050_UPDATE                           0x08001b25   Thumb Code   174  mpu6050.o(i.MPU6050_UPDATE)
    MX_GPIO_Init                             0x08001be5   Thumb Code    54  gpio.o(i.MX_GPIO_Init)
    MX_I2C2_Init                             0x08001c21   Thumb Code    50  i2c.o(i.MX_I2C2_Init)
    MX_TIM6_Init                             0x08001c61   Thumb Code    60  tim.o(i.MX_TIM6_Init)
    MemManage_Handler                        0x08001ca5   Thumb Code     2  stm32f1xx_it.o(i.MemManage_Handler)
    NMI_Handler                              0x08001ca7   Thumb Code     2  stm32f1xx_it.o(i.NMI_Handler)
    PendSV_Handler                           0x08001ca9   Thumb Code     2  stm32f1xx_it.o(i.PendSV_Handler)
    Read_DMP                                 0x08001cad   Thumb Code   428  mpu6050.o(i.Read_DMP)
    SVC_Handler                              0x08001e61   Thumb Code     2  stm32f1xx_it.o(i.SVC_Handler)
    SysTick_Handler                          0x08001e63   Thumb Code     4  stm32f1xx_it.o(i.SysTick_Handler)
    SystemClock_Config                       0x08001e67   Thumb Code    94  main.o(i.SystemClock_Config)
    SystemInit                               0x08001ec5   Thumb Code     2  system_stm32f1xx.o(i.SystemInit)
    TIM6_IRQHandler                          0x08001ec9   Thumb Code     6  stm32f1xx_it.o(i.TIM6_IRQHandler)
    TIM_Base_SetConfig                       0x08001ed5   Thumb Code   120  stm32f1xx_hal_tim.o(i.TIM_Base_SetConfig)
    UsageFault_Handler                       0x08001f61   Thumb Code     2  stm32f1xx_it.o(i.UsageFault_Handler)
    __ARM_fpclassify                         0x08001f63   Thumb Code    40  fpclassify.o(i.__ARM_fpclassify)
    __kernel_poly                            0x08001fab   Thumb Code   170  poly.o(i.__kernel_poly)
    __mathlib_dbl_infnan                     0x08002055   Thumb Code     6  dunder.o(i.__mathlib_dbl_infnan)
    __mathlib_dbl_infnan2                    0x0800205b   Thumb Code     4  dunder.o(i.__mathlib_dbl_infnan2)
    __mathlib_dbl_invalid                    0x0800205f   Thumb Code    12  dunder.o(i.__mathlib_dbl_invalid)
    __mathlib_dbl_underflow                  0x0800206d   Thumb Code    10  dunder.o(i.__mathlib_dbl_underflow)
    asin                                     0x080020fd   Thumb Code   572  asin.o(i.asin)
    atan                                     0x0800236d   Thumb Code   474  atan.o(i.atan)
    atan2                                    0x0800258d   Thumb Code   374  atan2.o(i.atan2)
    dmp_enable_6x_lp_quat                    0x08002729   Thumb Code    58  inv_mpu_dmp_motion_driver.o(i.dmp_enable_6x_lp_quat)
    dmp_enable_feature                       0x08002765   Thumb Code   464  inv_mpu_dmp_motion_driver.o(i.dmp_enable_feature)
    dmp_enable_gyro_cal                      0x0800293d   Thumb Code    34  inv_mpu_dmp_motion_driver.o(i.dmp_enable_gyro_cal)
    dmp_enable_lp_quat                       0x08002979   Thumb Code    58  inv_mpu_dmp_motion_driver.o(i.dmp_enable_lp_quat)
    dmp_load_motion_driver_firmware          0x080029b5   Thumb Code    16  inv_mpu_dmp_motion_driver.o(i.dmp_load_motion_driver_firmware)
    dmp_read_fifo                            0x080029c9   Thumb Code   352  inv_mpu_dmp_motion_driver.o(i.dmp_read_fifo)
    dmp_set_accel_bias                       0x08002b2d   Thumb Code   210  inv_mpu_dmp_motion_driver.o(i.dmp_set_accel_bias)
    dmp_set_fifo_rate                        0x08002c05   Thumb Code    82  inv_mpu_dmp_motion_driver.o(i.dmp_set_fifo_rate)
    dmp_set_gyro_bias                        0x08002c69   Thumb Code   196  inv_mpu_dmp_motion_driver.o(i.dmp_set_gyro_bias)
    dmp_set_orientation                      0x08002d35   Thumb Code   246  inv_mpu_dmp_motion_driver.o(i.dmp_set_orientation)
    dmp_set_shake_reject_thresh              0x08002e41   Thumb Code    48  inv_mpu_dmp_motion_driver.o(i.dmp_set_shake_reject_thresh)
    dmp_set_shake_reject_time                0x08002e71   Thumb Code    32  inv_mpu_dmp_motion_driver.o(i.dmp_set_shake_reject_time)
    dmp_set_shake_reject_timeout             0x08002e91   Thumb Code    32  inv_mpu_dmp_motion_driver.o(i.dmp_set_shake_reject_timeout)
    dmp_set_tap_axes                         0x08002eb1   Thumb Code    64  inv_mpu_dmp_motion_driver.o(i.dmp_set_tap_axes)
    dmp_set_tap_count                        0x08002ef1   Thumb Code    34  inv_mpu_dmp_motion_driver.o(i.dmp_set_tap_count)
    dmp_set_tap_thresh                       0x08002f15   Thumb Code   274  inv_mpu_dmp_motion_driver.o(i.dmp_set_tap_thresh)
    dmp_set_tap_time                         0x0800303d   Thumb Code    32  inv_mpu_dmp_motion_driver.o(i.dmp_set_tap_time)
    dmp_set_tap_time_multi                   0x0800305d   Thumb Code    32  inv_mpu_dmp_motion_driver.o(i.dmp_set_tap_time_multi)
    i2cRead                                  0x08003511   Thumb Code    32  mpu6050.o(i.i2cRead)
    i2cWrite                                 0x08003535   Thumb Code    32  mpu6050.o(i.i2cWrite)
    main                                     0x080035a1   Thumb Code    40  main.o(i.main)
    mpu_configure_fifo                       0x080035d1   Thumb Code    78  inv_mpu.o(i.mpu_configure_fifo)
    mpu_get_accel_fsr                        0x08003625   Thumb Code    54  inv_mpu.o(i.mpu_get_accel_fsr)
    mpu_get_accel_sens                       0x08003661   Thumb Code    62  inv_mpu.o(i.mpu_get_accel_sens)
    mpu_get_gyro_fsr                         0x080036a5   Thumb Code    48  inv_mpu.o(i.mpu_get_gyro_fsr)
    mpu_get_gyro_sens                        0x080036d9   Thumb Code    44  inv_mpu.o(i.mpu_get_gyro_sens)
    mpu_get_lpf                              0x08003719   Thumb Code    52  inv_mpu.o(i.mpu_get_lpf)
    mpu_get_sample_rate                      0x08003751   Thumb Code    22  inv_mpu.o(i.mpu_get_sample_rate)
    mpu_init                                 0x0800376d   Thumb Code   288  inv_mpu.o(i.mpu_init)
    mpu_load_firmware                        0x08003891   Thumb Code   154  inv_mpu.o(i.mpu_load_firmware)
    mpu_lp_accel_mode                        0x08003931   Thumb Code   178  inv_mpu.o(i.mpu_lp_accel_mode)
    mpu_read_fifo_stream                     0x080039e9   Thumb Code   140  inv_mpu.o(i.mpu_read_fifo_stream)
    mpu_read_mem                             0x08003a79   Thumb Code    80  inv_mpu.o(i.mpu_read_mem)
    mpu_reset_fifo                           0x08003acd   Thumb Code   330  inv_mpu.o(i.mpu_reset_fifo)
    mpu_run_self_test                        0x08003c1d   Thumb Code   234  inv_mpu.o(i.mpu_run_self_test)
    mpu_set_accel_fsr                        0x08003d0d   Thumb Code    98  inv_mpu.o(i.mpu_set_accel_fsr)
    mpu_set_bypass                           0x08003d75   Thumb Code   214  inv_mpu.o(i.mpu_set_bypass)
    mpu_set_dmp_state                        0x08003e51   Thumb Code   114  inv_mpu.o(i.mpu_set_dmp_state)
    mpu_set_gyro_fsr                         0x08003ec9   Thumb Code   104  inv_mpu.o(i.mpu_set_gyro_fsr)
    mpu_set_int_latched                      0x08003f35   Thumb Code    94  inv_mpu.o(i.mpu_set_int_latched)
    mpu_set_lpf                              0x08003f99   Thumb Code   102  inv_mpu.o(i.mpu_set_lpf)
    mpu_set_sample_rate                      0x08004005   Thumb Code   124  inv_mpu.o(i.mpu_set_sample_rate)
    mpu_set_sensors                          0x08004085   Thumb Code   178  inv_mpu.o(i.mpu_set_sensors)
    mpu_write_mem                            0x0800413d   Thumb Code    80  inv_mpu.o(i.mpu_write_mem)
    myget_ms                                 0x08004191   Thumb Code     2  inv_mpu.o(i.myget_ms)
    sqrt                                     0x08004265   Thumb Code    76  sqrt.o(i.sqrt)
    __aeabi_d2f                              0x080042b1   Thumb Code     0  d2f.o(x$fpl$d2f)
    _d2f                                     0x080042b1   Thumb Code    98  d2f.o(x$fpl$d2f)
    __aeabi_dadd                             0x08004315   Thumb Code     0  daddsub_clz.o(x$fpl$dadd)
    _dadd                                    0x08004315   Thumb Code   332  daddsub_clz.o(x$fpl$dadd)
    __fpl_dcheck_NaN1                        0x08004465   Thumb Code    10  dcheck1.o(x$fpl$dcheck1)
    __fpl_dcmp_Inf                           0x08004475   Thumb Code    24  dcmpi.o(x$fpl$dcmpinf)
    __aeabi_ddiv                             0x0800448d   Thumb Code     0  ddiv.o(x$fpl$ddiv)
    _ddiv                                    0x0800448d   Thumb Code   552  ddiv.o(x$fpl$ddiv)
    __aeabi_cdcmpeq                          0x0800473d   Thumb Code     0  deqf.o(x$fpl$deqf)
    _dcmpeq                                  0x0800473d   Thumb Code   120  deqf.o(x$fpl$deqf)
    __aeabi_i2d                              0x080047b5   Thumb Code     0  dflt_clz.o(x$fpl$dflt)
    _dflt                                    0x080047b5   Thumb Code    46  dflt_clz.o(x$fpl$dflt)
    __aeabi_dmul                             0x080047e5   Thumb Code     0  dmul.o(x$fpl$dmul)
    _dmul                                    0x080047e5   Thumb Code   332  dmul.o(x$fpl$dmul)
    __fpl_dnaninf                            0x08004939   Thumb Code   156  dnaninf.o(x$fpl$dnaninf)
    __fpl_dretinf                            0x080049d5   Thumb Code    12  dretinf.o(x$fpl$dretinf)
    __aeabi_drsub                            0x080049e1   Thumb Code     0  daddsub_clz.o(x$fpl$drsb)
    _drsb                                    0x080049e1   Thumb Code    22  daddsub_clz.o(x$fpl$drsb)
    _dsqrt                                   0x080049f9   Thumb Code   456  dsqrt_noumaal.o(x$fpl$dsqrt)
    __aeabi_dsub                             0x08004bc5   Thumb Code     0  daddsub_clz.o(x$fpl$dsub)
    _dsub                                    0x08004bc5   Thumb Code   464  daddsub_clz.o(x$fpl$dsub)
    __aeabi_f2d                              0x08004d99   Thumb Code     0  f2d.o(x$fpl$f2d)
    _f2d                                     0x08004d99   Thumb Code    86  f2d.o(x$fpl$f2d)
    __aeabi_fadd                             0x08004df1   Thumb Code     0  faddsub_clz.o(x$fpl$fadd)
    _fadd                                    0x08004df1   Thumb Code   196  faddsub_clz.o(x$fpl$fadd)
    __fpl_fcheck_NaN1                        0x08004eb5   Thumb Code     6  fcheck1.o(x$fpl$fcheck1)
    __aeabi_fdiv                             0x08004ec1   Thumb Code     0  fdiv.o(x$fpl$fdiv)
    _fdiv                                    0x08004ec1   Thumb Code   384  fdiv.o(x$fpl$fdiv)
    __aeabi_f2iz                             0x08005045   Thumb Code     0  ffix.o(x$fpl$ffix)
    _ffix                                    0x08005045   Thumb Code    54  ffix.o(x$fpl$ffix)
    __aeabi_f2uiz                            0x0800507d   Thumb Code     0  ffixu.o(x$fpl$ffixu)
    _ffixu                                   0x0800507d   Thumb Code    62  ffixu.o(x$fpl$ffixu)
    __aeabi_i2f                              0x080050bd   Thumb Code     0  fflt_clz.o(x$fpl$fflt)
    _fflt                                    0x080050bd   Thumb Code    48  fflt_clz.o(x$fpl$fflt)
    __aeabi_ui2f                             0x080050ed   Thumb Code     0  fflt_clz.o(x$fpl$ffltu)
    _ffltu                                   0x080050ed   Thumb Code    38  fflt_clz.o(x$fpl$ffltu)
    __aeabi_fmul                             0x08005115   Thumb Code     0  fmul.o(x$fpl$fmul)
    _fmul                                    0x08005115   Thumb Code   258  fmul.o(x$fpl$fmul)
    __fpl_fnaninf                            0x08005217   Thumb Code   140  fnaninf.o(x$fpl$fnaninf)
    __fpl_fretinf                            0x080052a3   Thumb Code    10  fretinf.o(x$fpl$fretinf)
    __aeabi_fsub                             0x080052ad   Thumb Code     0  faddsub_clz.o(x$fpl$fsub)
    _fsub                                    0x080052ad   Thumb Code   234  faddsub_clz.o(x$fpl$fsub)
    __fpl_return_NaN                         0x08005397   Thumb Code   100  retnan.o(x$fpl$retnan)
    __ARM_scalbn                             0x080053fb   Thumb Code    92  scalbn.o(x$fpl$scalbn)
    __ARM_scalbnf                            0x08005457   Thumb Code    76  scalbnf.o(x$fpl$scalbnf)
    __fpl_cmpreturn                          0x080054a3   Thumb Code    48  trapv.o(x$fpl$trapveneer)
    __I$use$fp                               0x080054d2   Number         0  usenofp.o(x$fpl$usenofp)
    hw                                       0x080054d2   Data          12  inv_mpu.o(.constdata)
    reg                                      0x080054de   Data          27  inv_mpu.o(.constdata)
    test                                     0x080054fc   Data          40  inv_mpu.o(.constdata)
    AHBPrescTable                            0x0800612c   Data          16  system_stm32f1xx.o(.constdata)
    APBPrescTable                            0x0800613c   Data           8  system_stm32f1xx.o(.constdata)
    __mathlib_zero                           0x08006230   Data           8  qnan.o(.constdata)
    Region$$Table$$Base                      0x08006238   Number         0  anon$$obj.o(Region$$Table)
    Region$$Table$$Limit                     0x08006258   Number         0  anon$$obj.o(Region$$Table)
    check                                    0x20000000   Data           1  mpu6050.o(.data)
    sensors                                  0x20000002   Data           2  mpu6050.o(.data)
    q0                                       0x20000004   Data           4  mpu6050.o(.data)
    q1                                       0x20000008   Data           4  mpu6050.o(.data)
    q2                                       0x2000000c   Data           4  mpu6050.o(.data)
    q3                                       0x20000010   Data           4  mpu6050.o(.data)
    Pitch                                    0x20000014   Data           4  mpu6050.o(.data)
    Roll                                     0x20000018   Data           4  mpu6050.o(.data)
    Yaw                                      0x2000001c   Data           4  mpu6050.o(.data)
    gyro                                     0x20000020   Data           6  mpu6050.o(.data)
    accel                                    0x20000026   Data           6  mpu6050.o(.data)
    uwTickFreq                               0x20000064   Data           1  stm32f1xx_hal.o(.data)
    uwTickPrio                               0x20000068   Data           4  stm32f1xx_hal.o(.data)
    uwTick                                   0x2000006c   Data           4  stm32f1xx_hal.o(.data)
    SystemCoreClock                          0x20000070   Data           4  system_stm32f1xx.o(.data)
    Mpu6050                                  0x20000088   Data          88  main.o(.bss)
    hi2c2                                    0x200000e0   Data          84  i2c.o(.bss)
    htim6                                    0x20000134   Data          72  tim.o(.bss)
    __libspace_start                         0x2000017c   Data          96  libspace.o(.bss)
    __temporary_stack_top$libspace           0x200001dc   Data           0  libspace.o(.bss)



==============================================================================

Memory Map of the image

  Image Entry point : 0x08000131

  Load Region LR_IROM1 (Base: 0x08000000, Size: 0x000062cc, Max: 0x00040000, ABSOLUTE)

    Execution Region ER_IROM1 (Exec base: 0x08000000, Load base: 0x08000000, Size: 0x00006258, Max: 0x00040000, ABSOLUTE)

    Exec Addr    Load Addr    Size         Type   Attr      Idx    E Section Name        Object

    0x08000000   0x08000000   0x00000130   Data   RO            3    RESET               startup_stm32f103xe.o
    0x08000130   0x08000130   0x00000008   Code   RO         3489  * !!!main             c_w.l(__main.o)
    0x08000138   0x08000138   0x00000034   Code   RO         3801    !!!scatter          c_w.l(__scatter.o)
    0x0800016c   0x0800016c   0x0000001a   Code   RO         3803    !!handler_copy      c_w.l(__scatter_copy.o)
    0x08000186   0x08000186   0x00000002   PAD
    0x08000188   0x08000188   0x0000001c   Code   RO         3805    !!handler_zi        c_w.l(__scatter_zi.o)
    0x080001a4   0x080001a4   0x00000002   Code   RO         3666    .ARM.Collect$$libinit$$00000000  c_w.l(libinit.o)
    0x080001a6   0x080001a6   0x00000000   Code   RO         3676    .ARM.Collect$$libinit$$00000002  c_w.l(libinit2.o)
    0x080001a6   0x080001a6   0x00000000   Code   RO         3678    .ARM.Collect$$libinit$$00000004  c_w.l(libinit2.o)
    0x080001a6   0x080001a6   0x00000000   Code   RO         3681    .ARM.Collect$$libinit$$0000000A  c_w.l(libinit2.o)
    0x080001a6   0x080001a6   0x00000000   Code   RO         3683    .ARM.Collect$$libinit$$0000000C  c_w.l(libinit2.o)
    0x080001a6   0x080001a6   0x00000000   Code   RO         3685    .ARM.Collect$$libinit$$0000000E  c_w.l(libinit2.o)
    0x080001a6   0x080001a6   0x00000000   Code   RO         3688    .ARM.Collect$$libinit$$00000011  c_w.l(libinit2.o)
    0x080001a6   0x080001a6   0x00000000   Code   RO         3690    .ARM.Collect$$libinit$$00000013  c_w.l(libinit2.o)
    0x080001a6   0x080001a6   0x00000000   Code   RO         3692    .ARM.Collect$$libinit$$00000015  c_w.l(libinit2.o)
    0x080001a6   0x080001a6   0x00000000   Code   RO         3694    .ARM.Collect$$libinit$$00000017  c_w.l(libinit2.o)
    0x080001a6   0x080001a6   0x00000000   Code   RO         3696    .ARM.Collect$$libinit$$00000019  c_w.l(libinit2.o)
    0x080001a6   0x080001a6   0x00000000   Code   RO         3698    .ARM.Collect$$libinit$$0000001B  c_w.l(libinit2.o)
    0x080001a6   0x080001a6   0x00000000   Code   RO         3700    .ARM.Collect$$libinit$$0000001D  c_w.l(libinit2.o)
    0x080001a6   0x080001a6   0x00000000   Code   RO         3702    .ARM.Collect$$libinit$$0000001F  c_w.l(libinit2.o)
    0x080001a6   0x080001a6   0x00000000   Code   RO         3704    .ARM.Collect$$libinit$$00000021  c_w.l(libinit2.o)
    0x080001a6   0x080001a6   0x00000000   Code   RO         3706    .ARM.Collect$$libinit$$00000023  c_w.l(libinit2.o)
    0x080001a6   0x080001a6   0x00000000   Code   RO         3708    .ARM.Collect$$libinit$$00000025  c_w.l(libinit2.o)
    0x080001a6   0x080001a6   0x00000000   Code   RO         3712    .ARM.Collect$$libinit$$0000002C  c_w.l(libinit2.o)
    0x080001a6   0x080001a6   0x00000000   Code   RO         3714    .ARM.Collect$$libinit$$0000002E  c_w.l(libinit2.o)
    0x080001a6   0x080001a6   0x00000000   Code   RO         3716    .ARM.Collect$$libinit$$00000030  c_w.l(libinit2.o)
    0x080001a6   0x080001a6   0x00000000   Code   RO         3718    .ARM.Collect$$libinit$$00000032  c_w.l(libinit2.o)
    0x080001a6   0x080001a6   0x00000002   Code   RO         3719    .ARM.Collect$$libinit$$00000033  c_w.l(libinit2.o)
    0x080001a8   0x080001a8   0x00000002   Code   RO         3749    .ARM.Collect$$libshutdown$$00000000  c_w.l(libshutdown.o)
    0x080001aa   0x080001aa   0x00000000   Code   RO         3766    .ARM.Collect$$libshutdown$$00000002  c_w.l(libshutdown2.o)
    0x080001aa   0x080001aa   0x00000000   Code   RO         3768    .ARM.Collect$$libshutdown$$00000004  c_w.l(libshutdown2.o)
    0x080001aa   0x080001aa   0x00000000   Code   RO         3770    .ARM.Collect$$libshutdown$$00000006  c_w.l(libshutdown2.o)
    0x080001aa   0x080001aa   0x00000000   Code   RO         3773    .ARM.Collect$$libshutdown$$00000009  c_w.l(libshutdown2.o)
    0x080001aa   0x080001aa   0x00000000   Code   RO         3776    .ARM.Collect$$libshutdown$$0000000C  c_w.l(libshutdown2.o)
    0x080001aa   0x080001aa   0x00000000   Code   RO         3778    .ARM.Collect$$libshutdown$$0000000E  c_w.l(libshutdown2.o)
    0x080001aa   0x080001aa   0x00000000   Code   RO         3781    .ARM.Collect$$libshutdown$$00000011  c_w.l(libshutdown2.o)
    0x080001aa   0x080001aa   0x00000002   Code   RO         3782    .ARM.Collect$$libshutdown$$00000012  c_w.l(libshutdown2.o)
    0x080001ac   0x080001ac   0x00000000   Code   RO         3561    .ARM.Collect$$rtentry$$00000000  c_w.l(__rtentry.o)
    0x080001ac   0x080001ac   0x00000000   Code   RO         3621    .ARM.Collect$$rtentry$$00000002  c_w.l(__rtentry2.o)
    0x080001ac   0x080001ac   0x00000006   Code   RO         3633    .ARM.Collect$$rtentry$$00000004  c_w.l(__rtentry4.o)
    0x080001b2   0x080001b2   0x00000000   Code   RO         3623    .ARM.Collect$$rtentry$$00000009  c_w.l(__rtentry2.o)
    0x080001b2   0x080001b2   0x00000004   Code   RO         3624    .ARM.Collect$$rtentry$$0000000A  c_w.l(__rtentry2.o)
    0x080001b6   0x080001b6   0x00000000   Code   RO         3626    .ARM.Collect$$rtentry$$0000000C  c_w.l(__rtentry2.o)
    0x080001b6   0x080001b6   0x00000008   Code   RO         3627    .ARM.Collect$$rtentry$$0000000D  c_w.l(__rtentry2.o)
    0x080001be   0x080001be   0x00000002   Code   RO         3669    .ARM.Collect$$rtexit$$00000000  c_w.l(rtexit.o)
    0x080001c0   0x080001c0   0x00000000   Code   RO         3721    .ARM.Collect$$rtexit$$00000002  c_w.l(rtexit2.o)
    0x080001c0   0x080001c0   0x00000004   Code   RO         3722    .ARM.Collect$$rtexit$$00000003  c_w.l(rtexit2.o)
    0x080001c4   0x080001c4   0x00000006   Code   RO         3723    .ARM.Collect$$rtexit$$00000004  c_w.l(rtexit2.o)
    0x080001ca   0x080001ca   0x00000002   PAD
    0x080001cc   0x080001cc   0x00000040   Code   RO            4    .text               startup_stm32f103xe.o
    0x0800020c   0x0800020c   0x00000048   Code   RO         3479    .text               c_w.l(llsdiv.o)
    0x08000254   0x08000254   0x00000058   Code   RO         3481    .text               c_w.l(memcmp.o)
    0x080002ac   0x080002ac   0x00000010   Code   RO         3483    .text               c_w.l(aeabi_memset.o)
    0x080002bc   0x080002bc   0x0000004e   Code   RO         3485    .text               c_w.l(rt_memclr_w.o)
    0x0800030a   0x0800030a   0x00000006   Code   RO         3487    .text               c_w.l(heapauxi.o)
    0x08000310   0x08000310   0x000000ee   Code   RO         3562    .text               c_w.l(lludivv7m.o)
    0x080003fe   0x080003fe   0x00000016   Code   RO         3564    .text               c_w.l(_rserrno.o)
    0x08000414   0x08000414   0x00000044   Code   RO         3566    .text               c_w.l(rt_memclr.o)
    0x08000458   0x08000458   0x00000008   Code   RO         3642    .text               c_w.l(rt_errno_addr_intlibspace.o)
    0x08000460   0x08000460   0x00000008   Code   RO         3652    .text               c_w.l(libspace.o)
    0x08000468   0x08000468   0x0000004a   Code   RO         3655    .text               c_w.l(sys_stackheap_outer.o)
    0x080004b2   0x080004b2   0x00000012   Code   RO         3659    .text               c_w.l(exit.o)
    0x080004c4   0x080004c4   0x0000000c   Code   RO         3737    .text               c_w.l(sys_exit.o)
    0x080004d0   0x080004d0   0x00000002   Code   RO         3754    .text               c_w.l(use_no_semi.o)
    0x080004d2   0x080004d2   0x00000000   Code   RO         3756    .text               c_w.l(indicate_semi.o)
    0x080004d2   0x080004d2   0x00000002   Code   RO          911    i.BusFault_Handler  stm32f1xx_it.o
    0x080004d4   0x080004d4   0x000000a8   Code   RO           13    i.DMP_Init          mpu6050.o
    0x0800057c   0x0800057c   0x00000002   Code   RO          912    i.DebugMon_Handler  stm32f1xx_it.o
    0x0800057e   0x0800057e   0x00000004   Code   RO          718    i.Error_Handler     main.o
    0x08000582   0x08000582   0x00000002   PAD
    0x08000584   0x08000584   0x00000024   Code   RO         1497    i.HAL_Delay         stm32f1xx_hal.o
    0x080005a8   0x080005a8   0x000001f8   Code   RO         1807    i.HAL_GPIO_Init     stm32f1xx_hal_gpio.o
    0x080007a0   0x080007a0   0x0000000c   Code   RO         1501    i.HAL_GetTick       stm32f1xx_hal.o
    0x080007ac   0x080007ac   0x00000188   Code   RO         1064    i.HAL_I2C_Init      stm32f1xx_hal_i2c.o
    0x08000934   0x08000934   0x00000250   Code   RO         1082    i.HAL_I2C_Mem_Read  stm32f1xx_hal_i2c.o
    0x08000b84   0x08000b84   0x00000130   Code   RO         1085    i.HAL_I2C_Mem_Write  stm32f1xx_hal_i2c.o
    0x08000cb4   0x08000cb4   0x00000060   Code   RO          828    i.HAL_I2C_MspInit   i2c.o
    0x08000d14   0x08000d14   0x00000010   Code   RO         1507    i.HAL_IncTick       stm32f1xx_hal.o
    0x08000d24   0x08000d24   0x00000024   Code   RO         1508    i.HAL_Init          stm32f1xx_hal.o
    0x08000d48   0x08000d48   0x00000040   Code   RO         1509    i.HAL_InitTick      stm32f1xx_hal.o
    0x08000d88   0x08000d88   0x0000003c   Code   RO          993    i.HAL_MspInit       stm32f1xx_hal_msp.o
    0x08000dc4   0x08000dc4   0x0000001a   Code   RO         1967    i.HAL_NVIC_EnableIRQ  stm32f1xx_hal_cortex.o
    0x08000dde   0x08000dde   0x00000002   PAD
    0x08000de0   0x08000de0   0x00000040   Code   RO         1973    i.HAL_NVIC_SetPriority  stm32f1xx_hal_cortex.o
    0x08000e20   0x08000e20   0x00000024   Code   RO         1974    i.HAL_NVIC_SetPriorityGrouping  stm32f1xx_hal_cortex.o
    0x08000e44   0x08000e44   0x0000012c   Code   RO         1665    i.HAL_RCC_ClockConfig  stm32f1xx_hal_rcc.o
    0x08000f70   0x08000f70   0x00000020   Code   RO         1672    i.HAL_RCC_GetPCLK1Freq  stm32f1xx_hal_rcc.o
    0x08000f90   0x08000f90   0x0000004c   Code   RO         1674    i.HAL_RCC_GetSysClockFreq  stm32f1xx_hal_rcc.o
    0x08000fdc   0x08000fdc   0x00000320   Code   RO         1677    i.HAL_RCC_OscConfig  stm32f1xx_hal_rcc.o
    0x080012fc   0x080012fc   0x00000028   Code   RO         1978    i.HAL_SYSTICK_Config  stm32f1xx_hal_cortex.o
    0x08001324   0x08001324   0x00000002   Code   RO         3173    i.HAL_TIMEx_BreakCallback  stm32f1xx_hal_tim_ex.o
    0x08001326   0x08001326   0x00000002   Code   RO         3174    i.HAL_TIMEx_CommutCallback  stm32f1xx_hal_tim_ex.o
    0x08001328   0x08001328   0x0000007c   Code   RO         3192    i.HAL_TIMEx_MasterConfigSynchronization  stm32f1xx_hal_tim_ex.o
    0x080013a4   0x080013a4   0x0000005a   Code   RO         2469    i.HAL_TIM_Base_Init  stm32f1xx_hal_tim.o
    0x080013fe   0x080013fe   0x00000002   PAD
    0x08001400   0x08001400   0x0000003c   Code   RO          870    i.HAL_TIM_Base_MspInit  tim.o
    0x0800143c   0x0800143c   0x0000006c   Code   RO         2474    i.HAL_TIM_Base_Start_IT  stm32f1xx_hal_tim.o
    0x080014a8   0x080014a8   0x00000002   Code   RO         2503    i.HAL_TIM_IC_CaptureCallback  stm32f1xx_hal_tim.o
    0x080014aa   0x080014aa   0x00000166   Code   RO         2517    i.HAL_TIM_IRQHandler  stm32f1xx_hal_tim.o
    0x08001610   0x08001610   0x00000002   Code   RO         2520    i.HAL_TIM_OC_DelayElapsedCallback  stm32f1xx_hal_tim.o
    0x08001612   0x08001612   0x00000002   Code   RO         2547    i.HAL_TIM_PWM_PulseFinishedCallback  stm32f1xx_hal_tim.o
    0x08001614   0x08001614   0x0000003c   Code   RO          719    i.HAL_TIM_PeriodElapsedCallback  main.o
    0x08001650   0x08001650   0x00000002   Code   RO         2560    i.HAL_TIM_TriggerCallback  stm32f1xx_hal_tim.o
    0x08001652   0x08001652   0x00000002   Code   RO          913    i.HardFault_Handler  stm32f1xx_it.o
    0x08001654   0x08001654   0x0000002e   Code   RO         1107    i.I2C_IsAcknowledgeFailed  stm32f1xx_hal_i2c.o
    0x08001682   0x08001682   0x00000002   PAD
    0x08001684   0x08001684   0x000000fc   Code   RO         1117    i.I2C_RequestMemoryRead  stm32f1xx_hal_i2c.o
    0x08001780   0x08001780   0x000000a8   Code   RO         1118    i.I2C_RequestMemoryWrite  stm32f1xx_hal_i2c.o
    0x08001828   0x08001828   0x00000056   Code   RO         1122    i.I2C_WaitOnBTFFlagUntilTimeout  stm32f1xx_hal_i2c.o
    0x0800187e   0x0800187e   0x00000002   PAD
    0x08001880   0x08001880   0x00000090   Code   RO         1123    i.I2C_WaitOnFlagUntilTimeout  stm32f1xx_hal_i2c.o
    0x08001910   0x08001910   0x000000bc   Code   RO         1124    i.I2C_WaitOnMasterAddressFlagUntilTimeout  stm32f1xx_hal_i2c.o
    0x080019cc   0x080019cc   0x00000070   Code   RO         1125    i.I2C_WaitOnRXNEFlagUntilTimeout  stm32f1xx_hal_i2c.o
    0x08001a3c   0x08001a3c   0x00000056   Code   RO         1126    i.I2C_WaitOnTXEFlagUntilTimeout  stm32f1xx_hal_i2c.o
    0x08001a92   0x08001a92   0x00000002   PAD
    0x08001a94   0x08001a94   0x00000090   Code   RO           14    i.MPU6050_Init      mpu6050.o
    0x08001b24   0x08001b24   0x000000c0   Code   RO           15    i.MPU6050_UPDATE    mpu6050.o
    0x08001be4   0x08001be4   0x0000003c   Code   RO          803    i.MX_GPIO_Init      gpio.o
    0x08001c20   0x08001c20   0x00000040   Code   RO          829    i.MX_I2C2_Init      i2c.o
    0x08001c60   0x08001c60   0x00000044   Code   RO          871    i.MX_TIM6_Init      tim.o
    0x08001ca4   0x08001ca4   0x00000002   Code   RO          914    i.MemManage_Handler  stm32f1xx_it.o
    0x08001ca6   0x08001ca6   0x00000002   Code   RO          915    i.NMI_Handler       stm32f1xx_it.o
    0x08001ca8   0x08001ca8   0x00000002   Code   RO          916    i.PendSV_Handler    stm32f1xx_it.o
    0x08001caa   0x08001caa   0x00000002   PAD
    0x08001cac   0x08001cac   0x000001b4   Code   RO           17    i.Read_DMP          mpu6050.o
    0x08001e60   0x08001e60   0x00000002   Code   RO          917    i.SVC_Handler       stm32f1xx_it.o
    0x08001e62   0x08001e62   0x00000004   Code   RO          918    i.SysTick_Handler   stm32f1xx_it.o
    0x08001e66   0x08001e66   0x0000005e   Code   RO          720    i.SystemClock_Config  main.o
    0x08001ec4   0x08001ec4   0x00000002   Code   RO         3441    i.SystemInit        system_stm32f1xx.o
    0x08001ec6   0x08001ec6   0x00000002   PAD
    0x08001ec8   0x08001ec8   0x0000000c   Code   RO          919    i.TIM6_IRQHandler   stm32f1xx_it.o
    0x08001ed4   0x08001ed4   0x0000008c   Code   RO         2562    i.TIM_Base_SetConfig  stm32f1xx_hal_tim.o
    0x08001f60   0x08001f60   0x00000002   Code   RO          920    i.UsageFault_Handler  stm32f1xx_it.o
    0x08001f62   0x08001f62   0x00000028   Code   RO         3607    i.__ARM_fpclassify  m_ws.l(fpclassify.o)
    0x08001f8a   0x08001f8a   0x00000020   Code   RO         1980    i.__NVIC_SetPriority  stm32f1xx_hal_cortex.o
    0x08001faa   0x08001faa   0x000000aa   Code   RO         3609    i.__kernel_poly     m_ws.l(poly.o)
    0x08002054   0x08002054   0x00000006   Code   RO         3594    i.__mathlib_dbl_infnan  m_ws.l(dunder.o)
    0x0800205a   0x0800205a   0x00000004   Code   RO         3595    i.__mathlib_dbl_infnan2  m_ws.l(dunder.o)
    0x0800205e   0x0800205e   0x0000000c   Code   RO         3596    i.__mathlib_dbl_invalid  m_ws.l(dunder.o)
    0x0800206a   0x0800206a   0x00000002   PAD
    0x0800206c   0x0800206c   0x00000010   Code   RO         3599    i.__mathlib_dbl_underflow  m_ws.l(dunder.o)
    0x0800207c   0x0800207c   0x00000080   Code   RO          231    i.accel_self_test   inv_mpu.o
    0x080020fc   0x080020fc   0x00000270   Code   RO         3544    i.asin              m_ws.l(asin.o)
    0x0800236c   0x0800236c   0x00000220   Code   RO         3584    i.atan              m_ws.l(atan.o)
    0x0800258c   0x0800258c   0x0000019c   Code   RO         3554    i.atan2             m_ws.l(atan2.o)
    0x08002728   0x08002728   0x0000003a   Code   RO          539    i.dmp_enable_6x_lp_quat  inv_mpu_dmp_motion_driver.o
    0x08002762   0x08002762   0x00000002   PAD
    0x08002764   0x08002764   0x000001d8   Code   RO          540    i.dmp_enable_feature  inv_mpu_dmp_motion_driver.o
    0x0800293c   0x0800293c   0x0000003c   Code   RO          541    i.dmp_enable_gyro_cal  inv_mpu_dmp_motion_driver.o
    0x08002978   0x08002978   0x0000003a   Code   RO          542    i.dmp_enable_lp_quat  inv_mpu_dmp_motion_driver.o
    0x080029b2   0x080029b2   0x00000002   PAD
    0x080029b4   0x080029b4   0x00000014   Code   RO          547    i.dmp_load_motion_driver_firmware  inv_mpu_dmp_motion_driver.o
    0x080029c8   0x080029c8   0x00000164   Code   RO          548    i.dmp_read_fifo     inv_mpu_dmp_motion_driver.o
    0x08002b2c   0x08002b2c   0x000000d8   Code   RO          551    i.dmp_set_accel_bias  inv_mpu_dmp_motion_driver.o
    0x08002c04   0x08002c04   0x00000064   Code   RO          552    i.dmp_set_fifo_rate  inv_mpu_dmp_motion_driver.o
    0x08002c68   0x08002c68   0x000000cc   Code   RO          553    i.dmp_set_gyro_bias  inv_mpu_dmp_motion_driver.o
    0x08002d34   0x08002d34   0x0000010c   Code   RO          555    i.dmp_set_orientation  inv_mpu_dmp_motion_driver.o
    0x08002e40   0x08002e40   0x00000030   Code   RO          558    i.dmp_set_shake_reject_thresh  inv_mpu_dmp_motion_driver.o
    0x08002e70   0x08002e70   0x00000020   Code   RO          559    i.dmp_set_shake_reject_time  inv_mpu_dmp_motion_driver.o
    0x08002e90   0x08002e90   0x00000020   Code   RO          560    i.dmp_set_shake_reject_timeout  inv_mpu_dmp_motion_driver.o
    0x08002eb0   0x08002eb0   0x00000040   Code   RO          561    i.dmp_set_tap_axes  inv_mpu_dmp_motion_driver.o
    0x08002ef0   0x08002ef0   0x00000022   Code   RO          562    i.dmp_set_tap_count  inv_mpu_dmp_motion_driver.o
    0x08002f12   0x08002f12   0x00000002   PAD
    0x08002f14   0x08002f14   0x00000128   Code   RO          563    i.dmp_set_tap_thresh  inv_mpu_dmp_motion_driver.o
    0x0800303c   0x0800303c   0x00000020   Code   RO          564    i.dmp_set_tap_time  inv_mpu_dmp_motion_driver.o
    0x0800305c   0x0800305c   0x00000020   Code   RO          565    i.dmp_set_tap_time_multi  inv_mpu_dmp_motion_driver.o
    0x0800307c   0x0800307c   0x000000ac   Code   RO          232    i.get_accel_prod_shift  inv_mpu.o
    0x08003128   0x08003128   0x00000314   Code   RO          233    i.get_st_biases     inv_mpu.o
    0x0800343c   0x0800343c   0x000000d4   Code   RO          234    i.gyro_self_test    inv_mpu.o
    0x08003510   0x08003510   0x00000024   Code   RO           21    i.i2cRead           mpu6050.o
    0x08003534   0x08003534   0x00000024   Code   RO           22    i.i2cWrite          mpu6050.o
    0x08003558   0x08003558   0x00000048   Code   RO           23    i.inv_row_2_scale   mpu6050.o
    0x080035a0   0x080035a0   0x00000030   Code   RO          721    i.main              main.o
    0x080035d0   0x080035d0   0x00000054   Code   RO          235    i.mpu_configure_fifo  inv_mpu.o
    0x08003624   0x08003624   0x0000003c   Code   RO          236    i.mpu_get_accel_fsr  inv_mpu.o
    0x08003660   0x08003660   0x00000044   Code   RO          238    i.mpu_get_accel_sens  inv_mpu.o
    0x080036a4   0x080036a4   0x00000034   Code   RO          244    i.mpu_get_gyro_fsr  inv_mpu.o
    0x080036d8   0x080036d8   0x00000040   Code   RO          246    i.mpu_get_gyro_sens  inv_mpu.o
    0x08003718   0x08003718   0x00000038   Code   RO          248    i.mpu_get_lpf       inv_mpu.o
    0x08003750   0x08003750   0x0000001c   Code   RO          250    i.mpu_get_sample_rate  inv_mpu.o
    0x0800376c   0x0800376c   0x00000124   Code   RO          252    i.mpu_init          inv_mpu.o
    0x08003890   0x08003890   0x000000a0   Code   RO          253    i.mpu_load_firmware  inv_mpu.o
    0x08003930   0x08003930   0x000000b8   Code   RO          254    i.mpu_lp_accel_mode  inv_mpu.o
    0x080039e8   0x080039e8   0x00000090   Code   RO          257    i.mpu_read_fifo_stream  inv_mpu.o
    0x08003a78   0x08003a78   0x00000054   Code   RO          258    i.mpu_read_mem      inv_mpu.o
    0x08003acc   0x08003acc   0x00000150   Code   RO          261    i.mpu_reset_fifo    inv_mpu.o
    0x08003c1c   0x08003c1c   0x000000f0   Code   RO          262    i.mpu_run_self_test  inv_mpu.o
    0x08003d0c   0x08003d0c   0x00000068   Code   RO          264    i.mpu_set_accel_fsr  inv_mpu.o
    0x08003d74   0x08003d74   0x000000dc   Code   RO          265    i.mpu_set_bypass    inv_mpu.o
    0x08003e50   0x08003e50   0x00000078   Code   RO          267    i.mpu_set_dmp_state  inv_mpu.o
    0x08003ec8   0x08003ec8   0x0000006c   Code   RO          268    i.mpu_set_gyro_fsr  inv_mpu.o
    0x08003f34   0x08003f34   0x00000064   Code   RO          269    i.mpu_set_int_latched  inv_mpu.o
    0x08003f98   0x08003f98   0x0000006c   Code   RO          271    i.mpu_set_lpf       inv_mpu.o
    0x08004004   0x08004004   0x00000080   Code   RO          272    i.mpu_set_sample_rate  inv_mpu.o
    0x08004084   0x08004084   0x000000b8   Code   RO          273    i.mpu_set_sensors   inv_mpu.o
    0x0800413c   0x0800413c   0x00000054   Code   RO          274    i.mpu_write_mem     inv_mpu.o
    0x08004190   0x08004190   0x00000002   Code   RO          275    i.myget_ms          inv_mpu.o
    0x08004192   0x08004192   0x0000007a   Code   RO           24    i.run_self_test     mpu6050.o
    0x0800420c   0x0800420c   0x00000058   Code   RO          276    i.set_int_enable    inv_mpu.o
    0x08004264   0x08004264   0x0000004c   Code   RO         3613    i.sqrt              m_ws.l(sqrt.o)
    0x080042b0   0x080042b0   0x00000062   Code   RO         3491    x$fpl$d2f           fz_ws.l(d2f.o)
    0x08004312   0x08004312   0x00000002   PAD
    0x08004314   0x08004314   0x00000150   Code   RO         3493    x$fpl$dadd          fz_ws.l(daddsub_clz.o)
    0x08004464   0x08004464   0x00000010   Code   RO         3568    x$fpl$dcheck1       fz_ws.l(dcheck1.o)
    0x08004474   0x08004474   0x00000018   Code   RO         3644    x$fpl$dcmpinf       fz_ws.l(dcmpi.o)
    0x0800448c   0x0800448c   0x000002b0   Code   RO         3500    x$fpl$ddiv          fz_ws.l(ddiv.o)
    0x0800473c   0x0800473c   0x00000078   Code   RO         3570    x$fpl$deqf          fz_ws.l(deqf.o)
    0x080047b4   0x080047b4   0x0000002e   Code   RO         3504    x$fpl$dflt          fz_ws.l(dflt_clz.o)
    0x080047e2   0x080047e2   0x00000002   PAD
    0x080047e4   0x080047e4   0x00000154   Code   RO         3509    x$fpl$dmul          fz_ws.l(dmul.o)
    0x08004938   0x08004938   0x0000009c   Code   RO         3572    x$fpl$dnaninf       fz_ws.l(dnaninf.o)
    0x080049d4   0x080049d4   0x0000000c   Code   RO         3574    x$fpl$dretinf       fz_ws.l(dretinf.o)
    0x080049e0   0x080049e0   0x00000016   Code   RO         3494    x$fpl$drsb          fz_ws.l(daddsub_clz.o)
    0x080049f6   0x080049f6   0x00000002   PAD
    0x080049f8   0x080049f8   0x000001cc   Code   RO         3648    x$fpl$dsqrt         fz_ws.l(dsqrt_noumaal.o)
    0x08004bc4   0x08004bc4   0x000001d4   Code   RO         3495    x$fpl$dsub          fz_ws.l(daddsub_clz.o)
    0x08004d98   0x08004d98   0x00000056   Code   RO         3511    x$fpl$f2d           fz_ws.l(f2d.o)
    0x08004dee   0x08004dee   0x00000002   PAD
    0x08004df0   0x08004df0   0x000000c4   Code   RO         3513    x$fpl$fadd          fz_ws.l(faddsub_clz.o)
    0x08004eb4   0x08004eb4   0x0000000c   Code   RO         3576    x$fpl$fcheck1       fz_ws.l(fcheck1.o)
    0x08004ec0   0x08004ec0   0x00000184   Code   RO         3520    x$fpl$fdiv          fz_ws.l(fdiv.o)
    0x08005044   0x08005044   0x00000036   Code   RO         3523    x$fpl$ffix          fz_ws.l(ffix.o)
    0x0800507a   0x0800507a   0x00000002   PAD
    0x0800507c   0x0800507c   0x0000003e   Code   RO         3527    x$fpl$ffixu         fz_ws.l(ffixu.o)
    0x080050ba   0x080050ba   0x00000002   PAD
    0x080050bc   0x080050bc   0x00000030   Code   RO         3532    x$fpl$fflt          fz_ws.l(fflt_clz.o)
    0x080050ec   0x080050ec   0x00000026   Code   RO         3531    x$fpl$ffltu         fz_ws.l(fflt_clz.o)
    0x08005112   0x08005112   0x00000002   PAD
    0x08005114   0x08005114   0x00000102   Code   RO         3537    x$fpl$fmul          fz_ws.l(fmul.o)
    0x08005216   0x08005216   0x0000008c   Code   RO         3578    x$fpl$fnaninf       fz_ws.l(fnaninf.o)
    0x080052a2   0x080052a2   0x0000000a   Code   RO         3580    x$fpl$fretinf       fz_ws.l(fretinf.o)
    0x080052ac   0x080052ac   0x000000ea   Code   RO         3515    x$fpl$fsub          fz_ws.l(faddsub_clz.o)
    0x08005396   0x08005396   0x00000064   Code   RO         3650    x$fpl$retnan        fz_ws.l(retnan.o)
    0x080053fa   0x080053fa   0x0000005c   Code   RO         3539    x$fpl$scalbn        fz_ws.l(scalbn.o)
    0x08005456   0x08005456   0x0000004c   Code   RO         3541    x$fpl$scalbnf       fz_ws.l(scalbnf.o)
    0x080054a2   0x080054a2   0x00000030   Code   RO         3667    x$fpl$trapveneer    fz_ws.l(trapv.o)
    0x080054d2   0x080054d2   0x00000000   Code   RO         3582    x$fpl$usenofp       fz_ws.l(usenofp.o)
    0x080054d2   0x080054d2   0x0000000c   Data   RO          277    .constdata          inv_mpu.o
    0x080054de   0x080054de   0x0000001b   Data   RO          278    .constdata          inv_mpu.o
    0x080054f9   0x080054f9   0x00000003   PAD
    0x080054fc   0x080054fc   0x00000028   Data   RO          279    .constdata          inv_mpu.o
    0x08005524   0x08005524   0x00000bf6   Data   RO          567    .constdata          inv_mpu_dmp_motion_driver.o
    0x0800611a   0x0800611a   0x00000012   Data   RO         1678    .constdata          stm32f1xx_hal_rcc.o
    0x0800612c   0x0800612c   0x00000010   Data   RO         3442    .constdata          system_stm32f1xx.o
    0x0800613c   0x0800613c   0x00000008   Data   RO         3443    .constdata          system_stm32f1xx.o
    0x08006144   0x08006144   0x00000004   PAD
    0x08006148   0x08006148   0x00000050   Data   RO         3545    .constdata          m_ws.l(asin.o)
    0x08006198   0x08006198   0x00000098   Data   RO         3585    .constdata          m_ws.l(atan.o)
    0x08006230   0x08006230   0x00000008   Data   RO         3611    .constdata          m_ws.l(qnan.o)
    0x08006238   0x08006238   0x00000020   Data   RO         3799    Region$$Table       anon$$obj.o


    Execution Region RW_IRAM1 (Exec base: 0x20000000, Load base: 0x08006258, Size: 0x000007e0, Max: 0x0000c000, ABSOLUTE)

    Exec Addr    Load Addr    Size         Type   Attr      Idx    E Section Name        Object

    0x20000000   0x08006258   0x00000035   Data   RW           27    .data               mpu6050.o
    0x20000035   0x0800628d   0x00000003   PAD
    0x20000038   0x08006290   0x0000002c   Data   RW          280    .data               inv_mpu.o
    0x20000064   0x080062bc   0x0000000c   Data   RW         1515    .data               stm32f1xx_hal.o
    0x20000070   0x080062c8   0x00000004   Data   RW         3444    .data               system_stm32f1xx.o
    0x20000074        -       0x00000010   Zero   RW          566    .bss                inv_mpu_dmp_motion_driver.o
    0x20000084   0x080062cc   0x00000004   PAD
    0x20000088        -       0x00000058   Zero   RW          722    .bss                main.o
    0x200000e0        -       0x00000054   Zero   RW          830    .bss                i2c.o
    0x20000134        -       0x00000048   Zero   RW          872    .bss                tim.o
    0x2000017c        -       0x00000060   Zero   RW         3653    .bss                c_w.l(libspace.o)
    0x200001dc   0x080062cc   0x00000004   PAD
    0x200001e0        -       0x00000200   Zero   RW            2    HEAP                startup_stm32f103xe.o
    0x200003e0        -       0x00000400   Zero   RW            1    STACK               startup_stm32f103xe.o


==============================================================================

Image component sizes


      Code (inc. data)   RO Data    RW Data    ZI Data      Debug   Object Name

        60          6          0          0          0        867   gpio.o
       160         28          0          0         84       1729   i2c.o
      4398        202         79         44          0      25722   inv_mpu.o
      2382        118       3062          0         16      19170   inv_mpu_dmp_motion_driver.o
       206         28          0          0         88      13857   main.o
      1206         54          0         53          0     527989   mpu6050.o
        64         26        304          0       1536        836   startup_stm32f103xe.o
       164         28          0         12          0       6709   stm32f1xx_hal.o
       198         14          0          0          0      29091   stm32f1xx_hal_cortex.o
       504         42          0          0          0       2328   stm32f1xx_hal_gpio.o
      2370         56          0          0          0      13282   stm32f1xx_hal_i2c.o
        60          8          0          0          0        922   stm32f1xx_hal_msp.o
      1208         72         18          0          0       4673   stm32f1xx_hal_rcc.o
       704         40          0          0          0       6805   stm32f1xx_hal_tim.o
       128         20          0          0          0       2501   stm32f1xx_hal_tim_ex.o
        32          6          0          0          0       4548   stm32f1xx_it.o
         2          0         24          4          0       1191   system_stm32f1xx.o
       128         18          0          0         72       1670   tim.o

    ----------------------------------------------------------------------
     13996        766       3526        116       1800     663890   Object Totals
         0          0         32          0          0          0   (incl. Generated)
        22          0          7          3          4          0   (incl. Padding)

    ----------------------------------------------------------------------

      Code (inc. data)   RO Data    RW Data    ZI Data      Debug   Library Member Name

         8          0          0          0          0         68   __main.o
         0          0          0          0          0          0   __rtentry.o
        12          0          0          0          0          0   __rtentry2.o
         6          0          0          0          0          0   __rtentry4.o
        52          8          0          0          0          0   __scatter.o
        26          0          0          0          0          0   __scatter_copy.o
        28          0          0          0          0          0   __scatter_zi.o
        22          0          0          0          0        100   _rserrno.o
        16          0          0          0          0         68   aeabi_memset.o
        18          0          0          0          0         80   exit.o
         6          0          0          0          0        152   heapauxi.o
         0          0          0          0          0          0   indicate_semi.o
         2          0          0          0          0          0   libinit.o
         2          0          0          0          0          0   libinit2.o
         2          0          0          0          0          0   libshutdown.o
         2          0          0          0          0          0   libshutdown2.o
         8          4          0          0         96         68   libspace.o
        72          0          0          0          0         76   llsdiv.o
       238          0          0          0          0        100   lludivv7m.o
        88          0          0          0          0         76   memcmp.o
         8          4          0          0          0         68   rt_errno_addr_intlibspace.o
        68          0          0          0          0         68   rt_memclr.o
        78          0          0          0          0         80   rt_memclr_w.o
         2          0          0          0          0          0   rtexit.o
        10          0          0          0          0          0   rtexit2.o
        12          4          0          0          0         68   sys_exit.o
        74          0          0          0          0         80   sys_stackheap_outer.o
         2          0          0          0          0         68   use_no_semi.o
        98          4          0          0          0         92   d2f.o
       826         16          0          0          0        348   daddsub_clz.o
        16          4          0          0          0         68   dcheck1.o
        24          0          0          0          0         68   dcmpi.o
       688        140          0          0          0        208   ddiv.o
       120          4          0          0          0         92   deqf.o
        46          0          0          0          0         68   dflt_clz.o
       340         12          0          0          0        104   dmul.o
       156          4          0          0          0         92   dnaninf.o
        12          0          0          0          0         68   dretinf.o
       460         56          0          0          0        120   dsqrt_noumaal.o
        86          4          0          0          0         84   f2d.o
       430          8          0          0          0        168   faddsub_clz.o
        12          4          0          0          0         68   fcheck1.o
       388         76          0          0          0         96   fdiv.o
        54          4          0          0          0         84   ffix.o
        62          4          0          0          0         84   ffixu.o
        86          0          0          0          0        136   fflt_clz.o
       258          4          0          0          0         84   fmul.o
       140          4          0          0          0         84   fnaninf.o
        10          0          0          0          0         68   fretinf.o
       100          0          0          0          0         68   retnan.o
        92          0          0          0          0         68   scalbn.o
        76          0          0          0          0         68   scalbnf.o
        48          0          0          0          0         68   trapv.o
         0          0          0          0          0          0   usenofp.o
       624         52         80          0          0        168   asin.o
       544         70        152          0          0        124   atan.o
       412         38          0          0          0        144   atan2.o
        38          6          0          0          0        272   dunder.o
        40          0          0          0          0         68   fpclassify.o
       170          0          0          0          0         96   poly.o
         0          0          8          0          0          0   qnan.o
        76          0          0          0          0         84   sqrt.o

    ----------------------------------------------------------------------
      7414        534        240          0        100       4732   Library Totals
        20          0          0          0          4          0   (incl. Padding)

    ----------------------------------------------------------------------

      Code (inc. data)   RO Data    RW Data    ZI Data      Debug   Library Name

       862         20          0          0         96       1220   c_w.l
      4628        348          0          0          0       2556   fz_ws.l
      1904        166        240          0          0        956   m_ws.l

    ----------------------------------------------------------------------
      7414        534        240          0        100       4732   Library Totals

    ----------------------------------------------------------------------

==============================================================================


      Code (inc. data)   RO Data    RW Data    ZI Data      Debug   

     21410       1300       3766        116       1900     660454   Grand Totals
     21410       1300       3766        116       1900     660454   ELF Image Totals
     21410       1300       3766        116          0          0   ROM Totals

==============================================================================

    Total RO  Size (Code + RO Data)                25176 (  24.59kB)
    Total RW  Size (RW Data + ZI Data)              2016 (   1.97kB)
    Total ROM Size (Code + RO Data + RW Data)      25292 (  24.70kB)

==============================================================================

